Feb  7 14:30:01 server0 systemd: Started Session 11 of user root.
Feb  7 14:40:01 server0 systemd: Started Session 12 of user root.
Feb  7 14:42:01 server0 systemd: Removed slice User Slice of root.
Feb  7 14:50:01 server0 systemd: Created slice User Slice of root.
Feb  7 14:50:01 server0 systemd: Started Session 13 of user root.
Feb  7 14:50:01 server0 systemd: Removed slice User Slice of root.
Feb  7 15:00:01 server0 systemd: Created slice User Slice of root.
Feb  7 15:00:01 server0 systemd: Started Session 14 of user root.
Feb  7 15:00:01 server0 systemd: Removed slice User Slice of root.
Feb  7 15:01:01 server0 systemd: Created slice User Slice of root.
Feb  7 15:01:01 server0 systemd: Started Session 15 of user root.
Feb  7 15:01:02 server0 systemd: Removed slice User Slice of root.
Feb  7 15:10:01 server0 systemd: Created slice User Slice of root.
Feb  7 15:10:01 server0 systemd: Started Session 16 of user root.
Feb  7 15:10:01 server0 systemd: Removed slice User Slice of root.
Feb  7 15:20:01 server0 systemd: Created slice User Slice of root.
Feb  7 15:20:01 server0 systemd: Started Session 17 of user root.
Feb  7 15:20:01 server0 systemd: Removed slice User Slice of root.
Feb  7 15:30:01 server0 systemd: Created slice User Slice of root.
Feb  7 15:30:01 server0 systemd: Started Session 18 of user root.
Feb  7 15:30:01 server0 systemd: Removed slice User Slice of root.
Feb  7 15:40:01 server0 systemd: Created slice User Slice of root.
Feb  7 15:40:01 server0 systemd: Started Session 19 of user root.
Feb  7 15:40:01 server0 systemd: Removed slice User Slice of root.
Feb  7 15:50:01 server0 systemd: Created slice User Slice of root.
Feb  7 15:50:01 server0 systemd: Started Session 20 of user root.
Feb  7 15:50:01 server0 systemd: Removed slice User Slice of root.
Feb  7 16:00:01 server0 systemd: Created slice User Slice of root.
Feb  7 16:00:01 server0 systemd: Started Session 21 of user root.
Feb  7 16:00:01 server0 systemd: Removed slice User Slice of root.
Feb  7 16:01:01 server0 systemd: Created slice User Slice of root.
Feb  7 16:01:01 server0 systemd: Started Session 22 of user root.
Feb  7 16:01:02 server0 systemd: Removed slice User Slice of root.
Feb  7 16:10:01 server0 systemd: Created slice User Slice of root.
Feb  7 16:10:01 server0 systemd: Started Session 23 of user root.
Feb  7 16:10:01 server0 systemd: Removed slice User Slice of root.
Feb  7 16:20:01 server0 systemd: Created slice User Slice of root.
Feb  7 16:20:01 server0 systemd: Started Session 24 of user root.
Feb  7 16:20:01 server0 systemd: Removed slice User Slice of root.
Feb  7 16:30:01 server0 systemd: Created slice User Slice of root.
Feb  7 16:30:01 server0 systemd: Started Session 25 of user root.
Feb  7 16:30:01 server0 systemd: Removed slice User Slice of root.
Feb  7 16:40:01 server0 systemd: Created slice User Slice of root.
Feb  7 16:40:01 server0 systemd: Started Session 26 of user root.
Feb  7 16:40:01 server0 systemd: Removed slice User Slice of root.
Feb  7 16:50:01 server0 systemd: Created slice User Slice of root.
Feb  7 16:50:01 server0 systemd: Started Session 27 of user root.
Feb  7 16:50:01 server0 systemd: Removed slice User Slice of root.
Feb  7 17:00:01 server0 systemd: Created slice User Slice of root.
Feb  7 17:00:01 server0 systemd: Started Session 28 of user root.
Feb  7 17:00:01 server0 systemd: Removed slice User Slice of root.
Feb  7 17:01:01 server0 systemd: Created slice User Slice of root.
Feb  7 17:01:01 server0 systemd: Started Session 29 of user root.
Feb  7 17:01:02 server0 systemd: Removed slice User Slice of root.
Feb  7 17:10:01 server0 systemd: Created slice User Slice of root.
Feb  7 17:10:01 server0 systemd: Started Session 30 of user root.
Feb  7 17:10:01 server0 systemd: Removed slice User Slice of root.
Feb  7 17:20:01 server0 systemd: Created slice User Slice of root.
Feb  7 17:20:01 server0 systemd: Started Session 31 of user root.
Feb  7 17:20:01 server0 systemd: Removed slice User Slice of root.
Feb  7 17:30:01 server0 systemd: Created slice User Slice of root.
Feb  7 17:30:01 server0 systemd: Started Session 32 of user root.
Feb  7 17:30:01 server0 systemd: Removed slice User Slice of root.
Feb  7 17:40:01 server0 systemd: Created slice User Slice of root.
Feb  7 17:40:01 server0 systemd: Started Session 33 of user root.
Feb  7 17:40:01 server0 systemd: Removed slice User Slice of root.
Feb  7 17:50:01 server0 systemd: Created slice User Slice of root.
Feb  7 17:50:01 server0 systemd: Started Session 34 of user root.
Feb  7 17:50:01 server0 systemd: Removed slice User Slice of root.
Feb  7 18:00:01 server0 systemd: Created slice User Slice of root.
Feb  7 18:00:01 server0 systemd: Started Session 35 of user root.
Feb  7 18:00:01 server0 systemd: Removed slice User Slice of root.
Feb  7 18:01:01 server0 systemd: Created slice User Slice of root.
Feb  7 18:01:01 server0 systemd: Started Session 36 of user root.
Feb  7 18:01:02 server0 systemd: Removed slice User Slice of root.
Feb  7 18:10:01 server0 systemd: Created slice User Slice of root.
Feb  7 18:10:01 server0 systemd: Started Session 37 of user root.
Feb  7 18:10:01 server0 systemd: Removed slice User Slice of root.
Feb  7 18:20:01 server0 systemd: Created slice User Slice of root.
Feb  7 18:20:01 server0 systemd: Started Session 38 of user root.
Feb  7 18:20:01 server0 systemd: Removed slice User Slice of root.
Feb  7 18:25:25 server0 rtkit-daemon[6570]: The canary thread is apparently starving. Taking action.
Feb  7 18:25:25 server0 rtkit-daemon[6570]: Demoting known real-time threads.
Feb  7 18:25:25 server0 rtkit-daemon[6570]: Successfully demoted thread 8423 of process 8417 (/usr/bin/pulseaudio).
Feb  7 18:25:25 server0 rtkit-daemon[6570]: Successfully demoted thread 8420 of process 8417 (/usr/bin/pulseaudio).
Feb  7 18:25:25 server0 rtkit-daemon[6570]: Successfully demoted thread 8417 of process 8417 (/usr/bin/pulseaudio).
Feb  7 18:25:25 server0 rtkit-daemon[6570]: Demoted 3 threads.
Feb  8 08:57:21 server0 systemd: Time has been changed
Feb  8 08:57:21 server0 systemd: Starting update of the root trust anchor for DNSSEC validation in unbound...
Feb  8 08:57:21 server0 systemd: Started update of the root trust anchor for DNSSEC validation in unbound.
Feb  8 09:00:01 server0 systemd: Created slice User Slice of root.
Feb  8 09:00:01 server0 systemd: Started Session 39 of user root.
Feb  8 09:00:01 server0 systemd: Removed slice User Slice of root.
Feb  8 09:01:01 server0 systemd: Created slice User Slice of root.
Feb  8 09:01:01 server0 systemd: Started Session 40 of user root.
Feb  8 09:10:01 server0 systemd: Started Session 41 of user root.
Feb  8 09:13:02 server0 systemd: Removed slice User Slice of root.
Feb  8 09:20:01 server0 systemd: Created slice User Slice of root.
Feb  8 09:20:01 server0 systemd: Started Session 42 of user root.
Feb  8 09:20:01 server0 systemd: Removed slice User Slice of root.
Feb  8 09:30:01 server0 systemd: Created slice User Slice of root.
Feb  8 09:30:01 server0 systemd: Started Session 43 of user root.
Feb  8 09:30:01 server0 systemd: Removed slice User Slice of root.
Feb  8 09:32:38 server0 chronyd[6605]: Forward time jump detected!
Feb  8 09:40:01 server0 systemd: Created slice User Slice of root.
Feb  8 09:40:01 server0 systemd: Started Session 44 of user root.
Feb  8 09:40:01 server0 systemd: Removed slice User Slice of root.
Feb  8 09:40:18 server0 journal: failed to call gs_plugin_refresh on shell-extensions: [*/*/*/source/shell-extensions/*] failed to download https://extensions.gnome.org//static/extensions.json: Cannot resolve hostname
Feb  8 09:40:18 server0 journal: failed to call gs_plugin_refresh on flatpak: Creating repo: mkdirat: Permission denied
Feb  8 09:40:18 server0 journal: failed to call gs_plugin_refresh on odrs: [*/*/*/source/odrs/*] failed to download https://odrs.gnome.org/1.0/reviews/api/ratings: Cannot resolve hostname
Feb  8 09:50:01 server0 systemd: Created slice User Slice of root.
Feb  8 09:50:01 server0 systemd: Started Session 45 of user root.
Feb  8 09:50:01 server0 systemd: Removed slice User Slice of root.
Feb  8 10:00:01 server0 systemd: Created slice User Slice of root.
Feb  8 10:00:01 server0 systemd: Started Session 46 of user root.
Feb  8 10:00:02 server0 systemd: Removed slice User Slice of root.
Feb  8 10:01:01 server0 systemd: Created slice User Slice of root.
Feb  8 10:01:01 server0 systemd: Started Session 47 of user root.
Feb  8 10:01:01 server0 systemd: Removed slice User Slice of root.
Feb  8 10:10:01 server0 systemd: Created slice User Slice of root.
Feb  8 10:10:01 server0 systemd: Started Session 48 of user root.
Feb  8 10:10:01 server0 systemd: Removed slice User Slice of root.
Feb  8 10:19:58 server0 kernel: hrtimer: interrupt took 2305096 ns
Feb  8 10:20:01 server0 systemd: Created slice User Slice of root.
Feb  8 10:20:01 server0 systemd: Started Session 49 of user root.
Feb  8 10:20:01 server0 systemd: Removed slice User Slice of root.
Feb  8 10:30:01 server0 systemd: Created slice User Slice of root.
Feb  8 10:30:01 server0 systemd: Started Session 50 of user root.
Feb  8 10:30:01 server0 systemd: Removed slice User Slice of root.
Feb  8 10:40:01 server0 systemd: Created slice User Slice of root.
Feb  8 10:40:01 server0 systemd: Started Session 51 of user root.
Feb  8 10:40:01 server0 systemd: Removed slice User Slice of root.
Feb  8 10:50:01 server0 systemd: Created slice User Slice of root.
Feb  8 10:50:01 server0 systemd: Started Session 52 of user root.
Feb  8 10:50:01 server0 systemd: Removed slice User Slice of root.
Feb  8 11:00:01 server0 systemd: Created slice User Slice of root.
Feb  8 11:00:01 server0 systemd: Started Session 53 of user root.
Feb  8 11:00:01 server0 systemd: Removed slice User Slice of root.
Feb  8 11:01:01 server0 systemd: Created slice User Slice of root.
Feb  8 11:01:01 server0 systemd: Started Session 54 of user root.
Feb  8 11:01:02 server0 systemd: Removed slice User Slice of root.
Feb  8 11:10:01 server0 systemd: Created slice User Slice of root.
Feb  8 11:10:01 server0 systemd: Started Session 55 of user root.
Feb  8 11:10:01 server0 systemd: Removed slice User Slice of root.
Feb  8 11:20:01 server0 systemd: Created slice User Slice of root.
Feb  8 11:20:01 server0 systemd: Started Session 56 of user root.
Feb  8 11:20:01 server0 systemd: Removed slice User Slice of root.
Feb  8 11:30:01 server0 systemd: Created slice User Slice of root.
Feb  8 11:30:01 server0 systemd: Started Session 57 of user root.
Feb  8 11:30:01 server0 systemd: Removed slice User Slice of root.
Feb  8 11:40:01 server0 systemd: Created slice User Slice of root.
Feb  8 11:40:01 server0 systemd: Started Session 58 of user root.
Feb  8 11:40:01 server0 systemd: Removed slice User Slice of root.
Feb  8 11:50:01 server0 systemd: Created slice User Slice of root.
Feb  8 11:50:01 server0 systemd: Started Session 59 of user root.
Feb  8 11:50:01 server0 systemd: Removed slice User Slice of root.
Feb  8 12:00:01 server0 systemd: Created slice User Slice of root.
Feb  8 12:00:01 server0 systemd: Started Session 60 of user root.
Feb  8 12:00:01 server0 systemd: Removed slice User Slice of root.
Feb  8 12:01:02 server0 systemd: Created slice User Slice of root.
Feb  8 12:01:02 server0 systemd: Started Session 61 of user root.
Feb  8 12:01:02 server0 systemd: Removed slice User Slice of root.
Feb  8 12:10:01 server0 systemd: Created slice User Slice of root.
Feb  8 12:10:01 server0 systemd: Started Session 62 of user root.
Feb  8 12:10:01 server0 systemd: Removed slice User Slice of root.
Feb  8 12:20:01 server0 systemd: Created slice User Slice of root.
Feb  8 12:20:01 server0 systemd: Started Session 63 of user root.
Feb  8 12:20:01 server0 systemd: Removed slice User Slice of root.
Feb  8 12:30:01 server0 systemd: Created slice User Slice of root.
Feb  8 12:30:01 server0 systemd: Started Session 64 of user root.
Feb  8 12:30:01 server0 systemd: Removed slice User Slice of root.
Feb  8 12:40:01 server0 systemd: Created slice User Slice of root.
Feb  8 12:40:01 server0 systemd: Started Session 65 of user root.
Feb  8 12:40:01 server0 systemd: Removed slice User Slice of root.
Feb  8 12:50:01 server0 systemd: Created slice User Slice of root.
Feb  8 12:50:01 server0 systemd: Started Session 66 of user root.
Feb  8 12:50:01 server0 systemd: Removed slice User Slice of root.
Feb  8 13:00:01 server0 systemd: Created slice User Slice of root.
Feb  8 13:00:01 server0 systemd: Started Session 67 of user root.
Feb  8 13:00:02 server0 systemd: Removed slice User Slice of root.
Feb  8 13:01:02 server0 systemd: Created slice User Slice of root.
Feb  8 13:01:02 server0 systemd: Started Session 68 of user root.
Feb  8 13:01:02 server0 systemd: Removed slice User Slice of root.
Feb  8 13:10:01 server0 systemd: Created slice User Slice of root.
Feb  8 13:10:01 server0 systemd: Started Session 69 of user root.
Feb  8 13:10:01 server0 systemd: Removed slice User Slice of root.
Feb  8 13:20:01 server0 systemd: Created slice User Slice of root.
Feb  8 13:20:01 server0 systemd: Started Session 70 of user root.
Feb  8 13:20:01 server0 systemd: Removed slice User Slice of root.
Feb  8 13:30:01 server0 systemd: Created slice User Slice of root.
Feb  8 13:30:01 server0 systemd: Started Session 71 of user root.
Feb  8 13:30:01 server0 systemd: Removed slice User Slice of root.
Feb  8 13:40:01 server0 systemd: Created slice User Slice of root.
Feb  8 13:40:01 server0 systemd: Started Session 72 of user root.
Feb  8 13:40:01 server0 systemd: Removed slice User Slice of root.
Feb  8 13:50:01 server0 systemd: Created slice User Slice of root.
Feb  8 13:50:01 server0 systemd: Started Session 73 of user root.
Feb  8 13:50:01 server0 systemd: Removed slice User Slice of root.
Feb  8 14:00:01 server0 systemd: Created slice User Slice of root.
Feb  8 14:00:01 server0 systemd: Started Session 74 of user root.
Feb  8 14:00:02 server0 systemd: Removed slice User Slice of root.
Feb  8 14:01:01 server0 systemd: Created slice User Slice of root.
Feb  8 14:01:01 server0 systemd: Started Session 75 of user root.
Feb  8 14:01:01 server0 systemd: Removed slice User Slice of root.
Feb  8 14:10:01 server0 systemd: Created slice User Slice of root.
Feb  8 14:10:01 server0 systemd: Started Session 76 of user root.
Feb  8 14:10:01 server0 systemd: Removed slice User Slice of root.
Feb  8 14:18:46 server0 systemd: Closed LVM2 poll daemon socket.
Feb  8 14:18:46 server0 systemd: Stopped target Login Prompts (Pre).
Feb  8 14:18:46 server0 systemd: Stopped target rpc_pipefs.target.
Feb  8 14:18:46 server0 systemd: Stopping Session c1 of user gdm.
Feb  8 14:18:46 server0 systemd: Stopped target Timers.
Feb  8 14:18:46 server0 gnome-session-binary[8154]: WARNING: Lost name on bus: org.gnome.SessionManager
Feb  8 14:18:46 server0 gnome-session: gnome-session-binary[8154]: WARNING: Lost name on bus: org.gnome.SessionManager
Feb  8 14:18:46 server0 systemd: Stopping Session 1 of user sysadmin.
Feb  8 14:18:46 server0 systemd: Unmounting RPC Pipe File System...
Feb  8 14:18:46 server0 systemd: Stopped target Sound Card.
Feb  8 14:18:47 server0 journal: Error releasing name org.gnome.evolution.dataserver.AddressBook9: The connection is closed
Feb  8 14:18:47 server0 systemd: Removed slice system-getty.slice.
Feb  8 14:18:47 server0 systemd: Stopping Availability of block devices...
Feb  8 14:18:47 server0 systemd: Stopped daily update of the root trust anchor for DNSSEC.
Feb  8 14:18:47 server0 systemd: Stopping PackageKit Daemon...
Feb  8 14:18:47 server0 systemd: Stopped Daily Cleanup of Temporary Directories.
Feb  8 14:18:47 server0 systemd: Stopping Manage, Install and Generate Color Profiles...
Feb  8 14:18:47 server0 systemd: Stopped target Bluetooth.
Feb  8 14:18:47 server0 systemd: Stopping Bluetooth service...
Feb  8 14:18:47 server0 bluetoothd[6590]: Terminating
Feb  8 14:18:47 server0 bluetoothd[6590]: Endpoint unregistered: sender=:1.80 path=/MediaEndpoint/A2DPSource
Feb  8 14:18:47 server0 bluetoothd[6590]: Endpoint unregistered: sender=:1.80 path=/MediaEndpoint/A2DPSink
Feb 11 14:10:17 server0 kernel: Initializing cgroup subsys cpuset
Feb 11 14:10:17 server0 kernel: Initializing cgroup subsys cpu
Feb 11 14:10:17 server0 kernel: Initializing cgroup subsys cpuacct
Feb 11 14:10:17 server0 kernel: Linux version 3.10.0-957.1.3.el7.x86_64 (mockbuild@kbuilder.bsys.centos.org) (gcc version 4.8.5 20150623 (Red Hat 4.8.5-36) (GCC) ) #1 SMP Thu Nov 29 14:49:43 UTC 2018
Feb 11 14:10:17 server0 kernel: Command line: BOOT_IMAGE=/vmlinuz-3.10.0-957.1.3.el7.x86_64 root=/dev/mapper/centos-root ro crashkernel=auto rd.lvm.lv=centos/root rd.lvm.lv=centos/swap rhgb quiet LANG=en_US.UTF-8
Feb 11 14:10:17 server0 kernel: Disabled fast string operations
Feb 11 14:10:17 server0 kernel: e820: BIOS-provided physical RAM map:
Feb 11 14:10:17 server0 kernel: BIOS-e820: [mem 0x0000000000000000-0x000000000009ebff] usable
Feb 11 14:10:17 server0 kernel: BIOS-e820: [mem 0x000000000009ec00-0x000000000009ffff] reserved
Feb 11 14:10:17 server0 kernel: BIOS-e820: [mem 0x00000000000dc000-0x00000000000fffff] reserved
Feb 11 14:10:17 server0 kernel: BIOS-e820: [mem 0x0000000000100000-0x000000003fedffff] usable
Feb 11 14:10:17 server0 kernel: BIOS-e820: [mem 0x000000003fee0000-0x000000003fefefff] ACPI data
Feb 11 14:10:17 server0 kernel: BIOS-e820: [mem 0x000000003feff000-0x000000003fefffff] ACPI NVS
Feb 11 14:10:17 server0 kernel: BIOS-e820: [mem 0x000000003ff00000-0x000000003fffffff] usable
Feb 11 14:10:17 server0 kernel: BIOS-e820: [mem 0x00000000f0000000-0x00000000f7ffffff] reserved
Feb 11 14:10:17 server0 kernel: BIOS-e820: [mem 0x00000000fec00000-0x00000000fec0ffff] reserved
Feb 11 14:10:17 server0 kernel: BIOS-e820: [mem 0x00000000fee00000-0x00000000fee00fff] reserved
Feb 11 14:10:17 server0 kernel: BIOS-e820: [mem 0x00000000fffe0000-0x00000000ffffffff] reserved
Feb 11 14:10:17 server0 kernel: NX (Execute Disable) protection: active
Feb 11 14:10:17 server0 kernel: SMBIOS 2.7 present.
Feb 11 14:10:17 server0 kernel: DMI: VMware, Inc. VMware Virtual Platform/440BX Desktop Reference Platform, BIOS 6.00 04/13/2018
Feb 11 14:10:17 server0 kernel: Hypervisor detected: VMware
Feb 11 14:10:17 server0 kernel: vmware: TSC freq read from hypervisor : 2808.001 MHz
Feb 11 14:10:17 server0 kernel: vmware: Host bus clock speed read from hypervisor : 66000000 Hz
Feb 11 14:10:17 server0 kernel: vmware: using sched offset of 8077111612 ns
Feb 11 14:10:17 server0 kernel: e820: last_pfn = 0x40000 max_arch_pfn = 0x400000000
Feb 11 14:10:17 server0 kernel: PAT configuration [0-7]: WB  WC  UC- UC  WB  WP  UC- UC  
Feb 11 14:10:17 server0 kernel: total RAM covered: 3072M
Feb 11 14:10:17 server0 kernel: Found optimal setting for mtrr clean up
Feb 11 14:10:17 server0 kernel: gran_size: 64K #011chunk_size: 64K #011num_reg: 2  #011lose cover RAM: 0G
Feb 11 14:10:17 server0 kernel: found SMP MP-table at [mem 0x000f6a80-0x000f6a8f] mapped at [ffffffffff200a80]
Feb 11 14:10:17 server0 kernel: Using GB pages for direct mapping
Feb 11 14:10:17 server0 kernel: RAMDISK: [mem 0x343be000-0x361d6fff]
Feb 11 14:10:17 server0 kernel: Early table checksum verification disabled
Feb 11 14:10:17 server0 kernel: ACPI: RSDP 00000000000f6a10 00024 (v02 PTLTD )
Feb 11 14:10:17 server0 kernel: ACPI: XSDT 000000003fee965b 0005C (v01 INTEL  440BX    06040000 VMW  01324272)
Feb 11 14:10:17 server0 kernel: ACPI: FACP 000000003fefee73 000F4 (v04 INTEL  440BX    06040000 PTL  000F4240)
Feb 11 14:10:17 server0 kernel: ACPI: DSDT 000000003feeaff8 13E7B (v01 PTLTD  Custom   06040000 MSFT 03000001)
Feb 11 14:10:17 server0 kernel: ACPI: FACS 000000003fefffc0 00040
Feb 11 14:10:17 server0 kernel: ACPI: BOOT 000000003feeafd0 00028 (v01 PTLTD  $SBFTBL$ 06040000  LTP 00000001)
Feb 11 14:10:17 server0 kernel: ACPI: APIC 000000003feea88e 00742 (v01 PTLTD  ? APIC   06040000  LTP 00000000)
Feb 11 14:10:17 server0 kernel: ACPI: MCFG 000000003feea852 0003C (v01 PTLTD  $PCITBL$ 06040000  LTP 00000001)
Feb 11 14:10:17 server0 kernel: ACPI: SRAT 000000003fee9757 008A8 (v02 VMWARE MEMPLUG  06040000 VMW  00000001)
Feb 11 14:10:17 server0 kernel: ACPI: HPET 000000003fee971f 00038 (v01 VMWARE VMW HPET 06040000 VMW  00000001)
Feb 11 14:10:17 server0 kernel: ACPI: WAET 000000003fee96f7 00028 (v01 VMWARE VMW WAET 06040000 VMW  00000001)
Feb 11 14:10:17 server0 kernel: Setting APIC routing to physical flat.
Feb 11 14:10:17 server0 kernel: SRAT: PXM 0 -> APIC 0x00 -> Node 0
Feb 11 14:10:17 server0 kernel: SRAT: PXM 0 -> APIC 0x02 -> Node 0
Feb 11 14:10:17 server0 kernel: SRAT: PXM 0 -> APIC 0x04 -> Node 0
Feb 11 14:10:17 server0 kernel: SRAT: PXM 0 -> APIC 0x06 -> Node 0
Feb 11 14:10:17 server0 kernel: SRAT: PXM 0 -> APIC 0x08 -> Node 0
Feb 11 14:10:17 server0 kernel: SRAT: PXM 0 -> APIC 0x0a -> Node 0
Feb 11 14:10:17 server0 kernel: SRAT: PXM 0 -> APIC 0x0c -> Node 0
Feb 11 14:10:17 server0 kernel: SRAT: PXM 0 -> APIC 0x0e -> Node 0
Feb 11 14:10:17 server0 kernel: SRAT: PXM 0 -> APIC 0x10 -> Node 0
Feb 11 14:10:17 server0 kernel: SRAT: PXM 0 -> APIC 0x12 -> Node 0
Feb 11 14:10:17 server0 kernel: SRAT: PXM 0 -> APIC 0x14 -> Node 0
Feb 11 14:10:17 server0 kernel: SRAT: PXM 0 -> APIC 0x16 -> Node 0
Feb 11 14:10:17 server0 kernel: SRAT: PXM 0 -> APIC 0x18 -> Node 0
Feb 11 14:10:17 server0 kernel: SRAT: PXM 0 -> APIC 0x1a -> Node 0
Feb 11 14:10:17 server0 kernel: SRAT: PXM 0 -> APIC 0x1c -> Node 0
Feb 11 14:10:17 server0 kernel: SRAT: PXM 0 -> APIC 0x1e -> Node 0
Feb 11 14:10:17 server0 kernel: SRAT: PXM 0 -> APIC 0x20 -> Node 0
Feb 11 14:10:17 server0 kernel: SRAT: PXM 0 -> APIC 0x22 -> Node 0
Feb 11 14:10:17 server0 kernel: SRAT: PXM 0 -> APIC 0x24 -> Node 0
Feb 11 14:10:17 server0 kernel: SRAT: PXM 0 -> APIC 0x26 -> Node 0
Feb 11 14:10:17 server0 kernel: SRAT: PXM 0 -> APIC 0x28 -> Node 0
Feb 11 14:10:17 server0 kernel: SRAT: PXM 0 -> APIC 0x2a -> Node 0
Feb 11 14:10:17 server0 kernel: SRAT: PXM 0 -> APIC 0x2c -> Node 0
Feb 11 14:10:17 server0 kernel: SRAT: PXM 0 -> APIC 0x2e -> Node 0
Feb 11 14:10:17 server0 kernel: SRAT: PXM 0 -> APIC 0x30 -> Node 0
Feb 11 14:10:17 server0 kernel: SRAT: PXM 0 -> APIC 0x32 -> Node 0
Feb 11 14:10:17 server0 kernel: SRAT: PXM 0 -> APIC 0x34 -> Node 0
Feb 11 14:10:17 server0 kernel: SRAT: PXM 0 -> APIC 0x36 -> Node 0
Feb 11 14:10:17 server0 kernel: SRAT: PXM 0 -> APIC 0x38 -> Node 0
Feb 11 14:10:17 server0 kernel: SRAT: PXM 0 -> APIC 0x3a -> Node 0
Feb 11 14:10:17 server0 kernel: SRAT: PXM 0 -> APIC 0x3c -> Node 0
Feb 11 14:10:17 server0 kernel: SRAT: PXM 0 -> APIC 0x3e -> Node 0
Feb 11 14:10:17 server0 kernel: SRAT: PXM 0 -> APIC 0x40 -> Node 0
Feb 11 14:10:17 server0 kernel: SRAT: PXM 0 -> APIC 0x42 -> Node 0
Feb 11 14:10:17 server0 kernel: SRAT: PXM 0 -> APIC 0x44 -> Node 0
Feb 11 14:10:17 server0 kernel: SRAT: PXM 0 -> APIC 0x46 -> Node 0
Feb 11 14:10:17 server0 kernel: SRAT: PXM 0 -> APIC 0x48 -> Node 0
Feb 11 14:10:17 server0 kernel: SRAT: PXM 0 -> APIC 0x4a -> Node 0
Feb 11 14:10:17 server0 kernel: SRAT: PXM 0 -> APIC 0x4c -> Node 0
Feb 11 14:10:17 server0 kernel: SRAT: PXM 0 -> APIC 0x4e -> Node 0
Feb 11 14:10:17 server0 kernel: SRAT: PXM 0 -> APIC 0x50 -> Node 0
Feb 11 14:10:17 server0 kernel: SRAT: PXM 0 -> APIC 0x52 -> Node 0
Feb 11 14:10:17 server0 kernel: SRAT: PXM 0 -> APIC 0x54 -> Node 0
Feb 11 14:10:17 server0 kernel: SRAT: PXM 0 -> APIC 0x56 -> Node 0
Feb 11 14:10:17 server0 kernel: SRAT: PXM 0 -> APIC 0x58 -> Node 0
Feb 11 14:10:17 server0 kernel: SRAT: PXM 0 -> APIC 0x5a -> Node 0
Feb 11 14:10:17 server0 kernel: SRAT: PXM 0 -> APIC 0x5c -> Node 0
Feb 11 14:10:17 server0 kernel: SRAT: PXM 0 -> APIC 0x5e -> Node 0
Feb 11 14:10:17 server0 kernel: SRAT: PXM 0 -> APIC 0x60 -> Node 0
Feb 11 14:10:17 server0 kernel: SRAT: PXM 0 -> APIC 0x62 -> Node 0
Feb 11 14:10:17 server0 kernel: SRAT: PXM 0 -> APIC 0x64 -> Node 0
Feb 11 14:10:17 server0 kernel: SRAT: PXM 0 -> APIC 0x66 -> Node 0
Feb 11 14:10:17 server0 kernel: SRAT: PXM 0 -> APIC 0x68 -> Node 0
Feb 11 14:10:17 server0 kernel: SRAT: PXM 0 -> APIC 0x6a -> Node 0
Feb 11 14:10:17 server0 kernel: SRAT: PXM 0 -> APIC 0x6c -> Node 0
Feb 11 14:10:17 server0 kernel: SRAT: PXM 0 -> APIC 0x6e -> Node 0
Feb 11 14:10:17 server0 kernel: SRAT: PXM 0 -> APIC 0x70 -> Node 0
Feb 11 14:10:17 server0 kernel: SRAT: PXM 0 -> APIC 0x72 -> Node 0
Feb 11 14:10:17 server0 kernel: SRAT: PXM 0 -> APIC 0x74 -> Node 0
Feb 11 14:10:17 server0 kernel: SRAT: PXM 0 -> APIC 0x76 -> Node 0
Feb 11 14:10:17 server0 kernel: SRAT: PXM 0 -> APIC 0x78 -> Node 0
Feb 11 14:10:17 server0 kernel: SRAT: PXM 0 -> APIC 0x7a -> Node 0
Feb 11 14:10:17 server0 kernel: SRAT: PXM 0 -> APIC 0x7c -> Node 0
Feb 11 14:10:17 server0 kernel: SRAT: PXM 0 -> APIC 0x7e -> Node 0
Feb 11 14:10:17 server0 kernel: SRAT: PXM 0 -> APIC 0x80 -> Node 0
Feb 11 14:10:17 server0 kernel: SRAT: PXM 0 -> APIC 0x82 -> Node 0
Feb 11 14:10:17 server0 kernel: SRAT: PXM 0 -> APIC 0x84 -> Node 0
Feb 11 14:10:17 server0 kernel: SRAT: PXM 0 -> APIC 0x86 -> Node 0
Feb 11 14:10:17 server0 kernel: SRAT: PXM 0 -> APIC 0x88 -> Node 0
Feb 11 14:10:17 server0 kernel: SRAT: PXM 0 -> APIC 0x8a -> Node 0
Feb 11 14:10:17 server0 kernel: SRAT: PXM 0 -> APIC 0x8c -> Node 0
Feb 11 14:10:17 server0 kernel: SRAT: PXM 0 -> APIC 0x8e -> Node 0
Feb 11 14:10:17 server0 kernel: SRAT: PXM 0 -> APIC 0x90 -> Node 0
Feb 11 14:10:17 server0 kernel: SRAT: PXM 0 -> APIC 0x92 -> Node 0
Feb 11 14:10:17 server0 kernel: SRAT: PXM 0 -> APIC 0x94 -> Node 0
Feb 11 14:10:17 server0 kernel: SRAT: PXM 0 -> APIC 0x96 -> Node 0
Feb 11 14:10:17 server0 kernel: SRAT: PXM 0 -> APIC 0x98 -> Node 0
Feb 11 14:10:17 server0 kernel: SRAT: PXM 0 -> APIC 0x9a -> Node 0
Feb 11 14:10:17 server0 kernel: SRAT: PXM 0 -> APIC 0x9c -> Node 0
Feb 11 14:10:17 server0 kernel: SRAT: PXM 0 -> APIC 0x9e -> Node 0
Feb 11 14:10:17 server0 kernel: SRAT: PXM 0 -> APIC 0xa0 -> Node 0
Feb 11 14:10:17 server0 kernel: SRAT: PXM 0 -> APIC 0xa2 -> Node 0
Feb 11 14:10:17 server0 kernel: SRAT: PXM 0 -> APIC 0xa4 -> Node 0
Feb 11 14:10:17 server0 kernel: SRAT: PXM 0 -> APIC 0xa6 -> Node 0
Feb 11 14:10:17 server0 kernel: SRAT: PXM 0 -> APIC 0xa8 -> Node 0
Feb 11 14:10:17 server0 kernel: SRAT: PXM 0 -> APIC 0xaa -> Node 0
Feb 11 14:10:17 server0 kernel: SRAT: PXM 0 -> APIC 0xac -> Node 0
Feb 11 14:10:17 server0 kernel: SRAT: PXM 0 -> APIC 0xae -> Node 0
Feb 11 14:10:17 server0 kernel: SRAT: PXM 0 -> APIC 0xb0 -> Node 0
Feb 11 14:10:17 server0 kernel: SRAT: PXM 0 -> APIC 0xb2 -> Node 0
Feb 11 14:10:17 server0 kernel: SRAT: PXM 0 -> APIC 0xb4 -> Node 0
Feb 11 14:10:17 server0 kernel: SRAT: PXM 0 -> APIC 0xb6 -> Node 0
Feb 11 14:10:17 server0 kernel: SRAT: PXM 0 -> APIC 0xb8 -> Node 0
Feb 11 14:10:17 server0 kernel: SRAT: PXM 0 -> APIC 0xba -> Node 0
Feb 11 14:10:17 server0 kernel: SRAT: PXM 0 -> APIC 0xbc -> Node 0
Feb 11 14:10:17 server0 kernel: SRAT: PXM 0 -> APIC 0xbe -> Node 0
Feb 11 14:10:17 server0 kernel: SRAT: PXM 0 -> APIC 0xc0 -> Node 0
Feb 11 14:10:17 server0 kernel: SRAT: PXM 0 -> APIC 0xc2 -> Node 0
Feb 11 14:10:17 server0 kernel: SRAT: PXM 0 -> APIC 0xc4 -> Node 0
Feb 11 14:10:17 server0 kernel: SRAT: PXM 0 -> APIC 0xc6 -> Node 0
Feb 11 14:10:17 server0 kernel: SRAT: PXM 0 -> APIC 0xc8 -> Node 0
Feb 11 14:10:17 server0 kernel: SRAT: PXM 0 -> APIC 0xca -> Node 0
Feb 11 14:10:17 server0 kernel: SRAT: PXM 0 -> APIC 0xcc -> Node 0
Feb 11 14:10:17 server0 kernel: SRAT: PXM 0 -> APIC 0xce -> Node 0
Feb 11 14:10:17 server0 kernel: SRAT: PXM 0 -> APIC 0xd0 -> Node 0
Feb 11 14:10:17 server0 kernel: SRAT: PXM 0 -> APIC 0xd2 -> Node 0
Feb 11 14:10:17 server0 kernel: SRAT: PXM 0 -> APIC 0xd4 -> Node 0
Feb 11 14:10:17 server0 kernel: SRAT: PXM 0 -> APIC 0xd6 -> Node 0
Feb 11 14:10:17 server0 kernel: SRAT: PXM 0 -> APIC 0xd8 -> Node 0
Feb 11 14:10:17 server0 kernel: SRAT: PXM 0 -> APIC 0xda -> Node 0
Feb 11 14:10:17 server0 kernel: SRAT: PXM 0 -> APIC 0xdc -> Node 0
Feb 11 14:10:17 server0 kernel: SRAT: PXM 0 -> APIC 0xde -> Node 0
Feb 11 14:10:17 server0 kernel: SRAT: PXM 0 -> APIC 0xe0 -> Node 0
Feb 11 14:10:17 server0 kernel: SRAT: PXM 0 -> APIC 0xe2 -> Node 0
Feb 11 14:10:17 server0 kernel: SRAT: PXM 0 -> APIC 0xe4 -> Node 0
Feb 11 14:10:17 server0 kernel: SRAT: PXM 0 -> APIC 0xe6 -> Node 0
Feb 11 14:10:17 server0 kernel: SRAT: PXM 0 -> APIC 0xe8 -> Node 0
Feb 11 14:10:17 server0 kernel: SRAT: PXM 0 -> APIC 0xea -> Node 0
Feb 11 14:10:17 server0 kernel: SRAT: PXM 0 -> APIC 0xec -> Node 0
Feb 11 14:10:17 server0 kernel: SRAT: PXM 0 -> APIC 0xee -> Node 0
Feb 11 14:10:17 server0 kernel: SRAT: PXM 0 -> APIC 0xf0 -> Node 0
Feb 11 14:10:17 server0 kernel: SRAT: PXM 0 -> APIC 0xf2 -> Node 0
Feb 11 14:10:17 server0 kernel: SRAT: PXM 0 -> APIC 0xf4 -> Node 0
Feb 11 14:10:17 server0 kernel: SRAT: PXM 0 -> APIC 0xf6 -> Node 0
Feb 11 14:10:17 server0 kernel: SRAT: PXM 0 -> APIC 0xf8 -> Node 0
Feb 11 14:10:17 server0 kernel: SRAT: PXM 0 -> APIC 0xfa -> Node 0
Feb 11 14:10:17 server0 kernel: SRAT: PXM 0 -> APIC 0xfc -> Node 0
Feb 11 14:10:17 server0 kernel: SRAT: PXM 0 -> APIC 0xfe -> Node 0
Feb 11 14:10:17 server0 kernel: SRAT: Node 0 PXM 0 [mem 0x00000000-0x0009ffff]
Feb 11 14:10:17 server0 kernel: SRAT: Node 0 PXM 0 [mem 0x00100000-0x3fffffff]
Feb 11 14:10:17 server0 kernel: SRAT: Node 0 PXM 0 [mem 0x40000000-0xbfffffff] hotplug
Feb 11 14:10:17 server0 kernel: NUMA: Node 0 [mem 0x00000000-0x0009ffff] + [mem 0x00100000-0x3fffffff] -> [mem 0x00000000-0x3fffffff]
Feb 11 14:10:17 server0 kernel: NODE_DATA(0) allocated [mem 0x3ffd9000-0x3fffffff]
Feb 11 14:10:17 server0 kernel: crashkernel=auto resulted in zero bytes of reserved memory.
Feb 11 14:10:17 server0 kernel: Zone ranges:
Feb 11 14:10:17 server0 kernel:  DMA      [mem 0x00001000-0x00ffffff]
Feb 11 14:10:17 server0 kernel:  DMA32    [mem 0x01000000-0xffffffff]
Feb 11 14:10:17 server0 kernel:  Normal   empty
Feb 11 14:10:17 server0 kernel: Movable zone start for each node
Feb 11 14:10:17 server0 kernel: Early memory node ranges
Feb 11 14:10:17 server0 kernel:  node   0: [mem 0x00001000-0x0009dfff]
Feb 11 14:10:17 server0 kernel:  node   0: [mem 0x00100000-0x3fedffff]
Feb 11 14:10:17 server0 kernel:  node   0: [mem 0x3ff00000-0x3fffffff]
Feb 11 14:10:17 server0 kernel: Initmem setup node 0 [mem 0x00001000-0x3fffffff]
Feb 11 14:10:17 server0 kernel: ACPI: PM-Timer IO Port: 0x1008
Feb 11 14:10:17 server0 kernel: ACPI: LAPIC (acpi_id[0x00] lapic_id[0x00] enabled)
Feb 11 14:10:17 server0 kernel: ACPI: LAPIC (acpi_id[0x01] lapic_id[0x02] disabled)
Feb 11 14:10:17 server0 kernel: ACPI: LAPIC (acpi_id[0x02] lapic_id[0x04] disabled)
Feb 11 14:10:17 server0 kernel: ACPI: LAPIC (acpi_id[0x03] lapic_id[0x06] disabled)
Feb 11 14:10:17 server0 kernel: ACPI: LAPIC (acpi_id[0x04] lapic_id[0x08] disabled)
Feb 11 14:10:17 server0 kernel: ACPI: LAPIC (acpi_id[0x05] lapic_id[0x0a] disabled)
Feb 11 14:10:17 server0 kernel: ACPI: LAPIC (acpi_id[0x06] lapic_id[0x0c] disabled)
Feb 11 14:10:17 server0 kernel: ACPI: LAPIC (acpi_id[0x07] lapic_id[0x0e] disabled)
Feb 11 14:10:17 server0 kernel: ACPI: LAPIC (acpi_id[0x08] lapic_id[0x10] disabled)
Feb 11 14:10:17 server0 kernel: ACPI: LAPIC (acpi_id[0x09] lapic_id[0x12] disabled)
Feb 11 14:10:17 server0 kernel: ACPI: LAPIC (acpi_id[0x0a] lapic_id[0x14] disabled)
Feb 11 14:10:17 server0 kernel: ACPI: LAPIC (acpi_id[0x0b] lapic_id[0x16] disabled)
Feb 11 14:10:17 server0 kernel: ACPI: LAPIC (acpi_id[0x0c] lapic_id[0x18] disabled)
Feb 11 14:10:17 server0 kernel: ACPI: LAPIC (acpi_id[0x0d] lapic_id[0x1a] disabled)
Feb 11 14:10:17 server0 kernel: ACPI: LAPIC (acpi_id[0x0e] lapic_id[0x1c] disabled)
Feb 11 14:10:17 server0 kernel: ACPI: LAPIC (acpi_id[0x0f] lapic_id[0x1e] disabled)
Feb 11 14:10:17 server0 kernel: ACPI: LAPIC (acpi_id[0x10] lapic_id[0x20] disabled)
Feb 11 14:10:17 server0 kernel: ACPI: LAPIC (acpi_id[0x11] lapic_id[0x22] disabled)
Feb 11 14:10:17 server0 kernel: ACPI: LAPIC (acpi_id[0x12] lapic_id[0x24] disabled)
Feb 11 14:10:17 server0 kernel: ACPI: LAPIC (acpi_id[0x13] lapic_id[0x26] disabled)
Feb 11 14:10:17 server0 kernel: ACPI: LAPIC (acpi_id[0x14] lapic_id[0x28] disabled)
Feb 11 14:10:17 server0 kernel: ACPI: LAPIC (acpi_id[0x15] lapic_id[0x2a] disabled)
Feb 11 14:10:17 server0 kernel: ACPI: LAPIC (acpi_id[0x16] lapic_id[0x2c] disabled)
Feb 11 14:10:17 server0 kernel: ACPI: LAPIC (acpi_id[0x17] lapic_id[0x2e] disabled)
Feb 11 14:10:17 server0 kernel: ACPI: LAPIC (acpi_id[0x18] lapic_id[0x30] disabled)
Feb 11 14:10:17 server0 kernel: ACPI: LAPIC (acpi_id[0x19] lapic_id[0x32] disabled)
Feb 11 14:10:17 server0 kernel: ACPI: LAPIC (acpi_id[0x1a] lapic_id[0x34] disabled)
Feb 11 14:10:17 server0 kernel: ACPI: LAPIC (acpi_id[0x1b] lapic_id[0x36] disabled)
Feb 11 14:10:17 server0 kernel: ACPI: LAPIC (acpi_id[0x1c] lapic_id[0x38] disabled)
Feb 11 14:10:17 server0 kernel: ACPI: LAPIC (acpi_id[0x1d] lapic_id[0x3a] disabled)
Feb 11 14:10:17 server0 kernel: ACPI: LAPIC (acpi_id[0x1e] lapic_id[0x3c] disabled)
Feb 11 14:10:17 server0 kernel: ACPI: LAPIC (acpi_id[0x1f] lapic_id[0x3e] disabled)
Feb 11 14:10:17 server0 kernel: ACPI: LAPIC (acpi_id[0x20] lapic_id[0x40] disabled)
Feb 11 14:10:17 server0 kernel: ACPI: LAPIC (acpi_id[0x21] lapic_id[0x42] disabled)
Feb 11 14:10:17 server0 kernel: ACPI: LAPIC (acpi_id[0x22] lapic_id[0x44] disabled)
Feb 11 14:10:17 server0 kernel: ACPI: LAPIC (acpi_id[0x23] lapic_id[0x46] disabled)
Feb 11 14:10:17 server0 kernel: ACPI: LAPIC (acpi_id[0x24] lapic_id[0x48] disabled)
Feb 11 14:10:17 server0 kernel: ACPI: LAPIC (acpi_id[0x25] lapic_id[0x4a] disabled)
Feb 11 14:10:17 server0 kernel: ACPI: LAPIC (acpi_id[0x26] lapic_id[0x4c] disabled)
Feb 11 14:10:17 server0 kernel: ACPI: LAPIC (acpi_id[0x27] lapic_id[0x4e] disabled)
Feb 11 14:10:17 server0 kernel: ACPI: LAPIC (acpi_id[0x28] lapic_id[0x50] disabled)
Feb 11 14:10:17 server0 kernel: ACPI: LAPIC (acpi_id[0x29] lapic_id[0x52] disabled)
Feb 11 14:10:17 server0 kernel: ACPI: LAPIC (acpi_id[0x2a] lapic_id[0x54] disabled)
Feb 11 14:10:17 server0 kernel: ACPI: LAPIC (acpi_id[0x2b] lapic_id[0x56] disabled)
Feb 11 14:10:17 server0 kernel: ACPI: LAPIC (acpi_id[0x2c] lapic_id[0x58] disabled)
Feb 11 14:10:17 server0 kernel: ACPI: LAPIC (acpi_id[0x2d] lapic_id[0x5a] disabled)
Feb 11 14:10:17 server0 kernel: ACPI: LAPIC (acpi_id[0x2e] lapic_id[0x5c] disabled)
Feb 11 14:10:17 server0 kernel: ACPI: LAPIC (acpi_id[0x2f] lapic_id[0x5e] disabled)
Feb 11 14:10:17 server0 kernel: ACPI: LAPIC (acpi_id[0x30] lapic_id[0x60] disabled)
Feb 11 14:10:17 server0 kernel: ACPI: LAPIC (acpi_id[0x31] lapic_id[0x62] disabled)
Feb 11 14:10:17 server0 kernel: ACPI: LAPIC (acpi_id[0x32] lapic_id[0x64] disabled)
Feb 11 14:10:17 server0 kernel: ACPI: LAPIC (acpi_id[0x33] lapic_id[0x66] disabled)
Feb 11 14:10:17 server0 kernel: ACPI: LAPIC (acpi_id[0x34] lapic_id[0x68] disabled)
Feb 11 14:10:17 server0 kernel: ACPI: LAPIC (acpi_id[0x35] lapic_id[0x6a] disabled)
Feb 11 14:10:17 server0 kernel: ACPI: LAPIC (acpi_id[0x36] lapic_id[0x6c] disabled)
Feb 11 14:10:17 server0 kernel: ACPI: LAPIC (acpi_id[0x37] lapic_id[0x6e] disabled)
Feb 11 14:10:17 server0 kernel: ACPI: LAPIC (acpi_id[0x38] lapic_id[0x70] disabled)
Feb 11 14:10:17 server0 kernel: ACPI: LAPIC (acpi_id[0x39] lapic_id[0x72] disabled)
Feb 11 14:10:17 server0 kernel: ACPI: LAPIC (acpi_id[0x3a] lapic_id[0x74] disabled)
Feb 11 14:10:17 server0 kernel: ACPI: LAPIC (acpi_id[0x3b] lapic_id[0x76] disabled)
Feb 11 14:10:17 server0 kernel: ACPI: LAPIC (acpi_id[0x3c] lapic_id[0x78] disabled)
Feb 11 14:10:17 server0 kernel: ACPI: LAPIC (acpi_id[0x3d] lapic_id[0x7a] disabled)
Feb 11 14:10:17 server0 kernel: ACPI: LAPIC (acpi_id[0x3e] lapic_id[0x7c] disabled)
Feb 11 14:10:17 server0 kernel: ACPI: LAPIC (acpi_id[0x3f] lapic_id[0x7e] disabled)
Feb 11 14:10:17 server0 kernel: ACPI: LAPIC (acpi_id[0x40] lapic_id[0x80] disabled)
Feb 11 14:10:17 server0 kernel: ACPI: LAPIC (acpi_id[0x41] lapic_id[0x82] disabled)
Feb 11 14:10:17 server0 kernel: ACPI: LAPIC (acpi_id[0x42] lapic_id[0x84] disabled)
Feb 11 14:10:17 server0 kernel: ACPI: LAPIC (acpi_id[0x43] lapic_id[0x86] disabled)
Feb 11 14:10:17 server0 kernel: ACPI: LAPIC (acpi_id[0x44] lapic_id[0x88] disabled)
Feb 11 14:10:17 server0 kernel: ACPI: LAPIC (acpi_id[0x45] lapic_id[0x8a] disabled)
Feb 11 14:10:17 server0 kernel: ACPI: LAPIC (acpi_id[0x46] lapic_id[0x8c] disabled)
Feb 11 14:10:17 server0 kernel: ACPI: LAPIC (acpi_id[0x47] lapic_id[0x8e] disabled)
Feb 11 14:10:17 server0 kernel: ACPI: LAPIC (acpi_id[0x48] lapic_id[0x90] disabled)
Feb 11 14:10:17 server0 kernel: ACPI: LAPIC (acpi_id[0x49] lapic_id[0x92] disabled)
Feb 11 14:10:17 server0 kernel: ACPI: LAPIC (acpi_id[0x4a] lapic_id[0x94] disabled)
Feb 11 14:10:17 server0 kernel: ACPI: LAPIC (acpi_id[0x4b] lapic_id[0x96] disabled)
Feb 11 14:10:17 server0 kernel: ACPI: LAPIC (acpi_id[0x4c] lapic_id[0x98] disabled)
Feb 11 14:10:17 server0 kernel: ACPI: LAPIC (acpi_id[0x4d] lapic_id[0x9a] disabled)
Feb 11 14:10:17 server0 kernel: ACPI: LAPIC (acpi_id[0x4e] lapic_id[0x9c] disabled)
Feb 11 14:10:17 server0 kernel: ACPI: LAPIC (acpi_id[0x4f] lapic_id[0x9e] disabled)
Feb 11 14:10:17 server0 kernel: ACPI: LAPIC (acpi_id[0x50] lapic_id[0xa0] disabled)
Feb 11 14:10:17 server0 kernel: ACPI: LAPIC (acpi_id[0x51] lapic_id[0xa2] disabled)
Feb 11 14:10:17 server0 kernel: ACPI: LAPIC (acpi_id[0x52] lapic_id[0xa4] disabled)
Feb 11 14:10:17 server0 kernel: ACPI: LAPIC (acpi_id[0x53] lapic_id[0xa6] disabled)
Feb 11 14:10:17 server0 kernel: ACPI: LAPIC (acpi_id[0x54] lapic_id[0xa8] disabled)
Feb 11 14:10:17 server0 kernel: ACPI: LAPIC (acpi_id[0x55] lapic_id[0xaa] disabled)
Feb 11 14:10:17 server0 kernel: ACPI: LAPIC (acpi_id[0x56] lapic_id[0xac] disabled)
Feb 11 14:10:17 server0 kernel: ACPI: LAPIC (acpi_id[0x57] lapic_id[0xae] disabled)
Feb 11 14:10:17 server0 kernel: ACPI: LAPIC (acpi_id[0x58] lapic_id[0xb0] disabled)
Feb 11 14:10:17 server0 kernel: ACPI: LAPIC (acpi_id[0x59] lapic_id[0xb2] disabled)
Feb 11 14:10:17 server0 kernel: ACPI: LAPIC (acpi_id[0x5a] lapic_id[0xb4] disabled)
Feb 11 14:10:17 server0 kernel: ACPI: LAPIC (acpi_id[0x5b] lapic_id[0xb6] disabled)
Feb 11 14:10:17 server0 kernel: ACPI: LAPIC (acpi_id[0x5c] lapic_id[0xb8] disabled)
Feb 11 14:10:17 server0 kernel: ACPI: LAPIC (acpi_id[0x5d] lapic_id[0xba] disabled)
Feb 11 14:10:17 server0 kernel: ACPI: LAPIC (acpi_id[0x5e] lapic_id[0xbc] disabled)
Feb 11 14:10:17 server0 kernel: ACPI: LAPIC (acpi_id[0x5f] lapic_id[0xbe] disabled)
Feb 11 14:10:17 server0 kernel: ACPI: LAPIC (acpi_id[0x60] lapic_id[0xc0] disabled)
Feb 11 14:10:17 server0 kernel: ACPI: LAPIC (acpi_id[0x61] lapic_id[0xc2] disabled)
Feb 11 14:10:17 server0 kernel: ACPI: LAPIC (acpi_id[0x62] lapic_id[0xc4] disabled)
Feb 11 14:10:17 server0 kernel: ACPI: LAPIC (acpi_id[0x63] lapic_id[0xc6] disabled)
Feb 11 14:10:17 server0 kernel: ACPI: LAPIC (acpi_id[0x64] lapic_id[0xc8] disabled)
Feb 11 14:10:17 server0 kernel: ACPI: LAPIC (acpi_id[0x65] lapic_id[0xca] disabled)
Feb 11 14:10:17 server0 kernel: ACPI: LAPIC (acpi_id[0x66] lapic_id[0xcc] disabled)
Feb 11 14:10:17 server0 kernel: ACPI: LAPIC (acpi_id[0x67] lapic_id[0xce] disabled)
Feb 11 14:10:17 server0 kernel: ACPI: LAPIC (acpi_id[0x68] lapic_id[0xd0] disabled)
Feb 11 14:10:17 server0 kernel: ACPI: LAPIC (acpi_id[0x69] lapic_id[0xd2] disabled)
Feb 11 14:10:17 server0 kernel: ACPI: LAPIC (acpi_id[0x6a] lapic_id[0xd4] disabled)
Feb 11 14:10:17 server0 kernel: ACPI: LAPIC (acpi_id[0x6b] lapic_id[0xd6] disabled)
Feb 11 14:10:17 server0 kernel: ACPI: LAPIC (acpi_id[0x6c] lapic_id[0xd8] disabled)
Feb 11 14:10:17 server0 kernel: ACPI: LAPIC (acpi_id[0x6d] lapic_id[0xda] disabled)
Feb 11 14:10:17 server0 kernel: ACPI: LAPIC (acpi_id[0x6e] lapic_id[0xdc] disabled)
Feb 11 14:10:17 server0 kernel: ACPI: LAPIC (acpi_id[0x6f] lapic_id[0xde] disabled)
Feb 11 14:10:17 server0 kernel: ACPI: LAPIC (acpi_id[0x70] lapic_id[0xe0] disabled)
Feb 11 14:10:17 server0 kernel: ACPI: LAPIC (acpi_id[0x71] lapic_id[0xe2] disabled)
Feb 11 14:10:17 server0 kernel: ACPI: LAPIC (acpi_id[0x72] lapic_id[0xe4] disabled)
Feb 11 14:10:17 server0 kernel: ACPI: LAPIC (acpi_id[0x73] lapic_id[0xe6] disabled)
Feb 11 14:10:17 server0 kernel: ACPI: LAPIC (acpi_id[0x74] lapic_id[0xe8] disabled)
Feb 11 14:10:17 server0 kernel: ACPI: LAPIC (acpi_id[0x75] lapic_id[0xea] disabled)
Feb 11 14:10:17 server0 kernel: ACPI: LAPIC (acpi_id[0x76] lapic_id[0xec] disabled)
Feb 11 14:10:17 server0 kernel: ACPI: LAPIC (acpi_id[0x77] lapic_id[0xee] disabled)
Feb 11 14:10:17 server0 kernel: ACPI: LAPIC (acpi_id[0x78] lapic_id[0xf0] disabled)
Feb 11 14:10:17 server0 kernel: ACPI: LAPIC (acpi_id[0x79] lapic_id[0xf2] disabled)
Feb 11 14:10:17 server0 kernel: ACPI: LAPIC (acpi_id[0x7a] lapic_id[0xf4] disabled)
Feb 11 14:10:17 server0 kernel: ACPI: LAPIC (acpi_id[0x7b] lapic_id[0xf6] disabled)
Feb 11 14:10:17 server0 kernel: ACPI: LAPIC (acpi_id[0x7c] lapic_id[0xf8] disabled)
Feb 11 14:10:17 server0 kernel: ACPI: LAPIC (acpi_id[0x7d] lapic_id[0xfa] disabled)
Feb 11 14:10:17 server0 kernel: ACPI: LAPIC (acpi_id[0x7e] lapic_id[0xfc] disabled)
Feb 11 14:10:17 server0 kernel: ACPI: LAPIC (acpi_id[0x7f] lapic_id[0xfe] disabled)
Feb 11 14:10:17 server0 kernel: ACPI: LAPIC_NMI (acpi_id[0x00] high edge lint[0x1])
Feb 11 14:10:17 server0 kernel: ACPI: LAPIC_NMI (acpi_id[0x01] high edge lint[0x1])
Feb 11 14:10:17 server0 kernel: ACPI: LAPIC_NMI (acpi_id[0x02] high edge lint[0x1])
Feb 11 14:10:17 server0 kernel: ACPI: LAPIC_NMI (acpi_id[0x03] high edge lint[0x1])
Feb 11 14:10:17 server0 kernel: ACPI: LAPIC_NMI (acpi_id[0x04] high edge lint[0x1])
Feb 11 14:10:17 server0 kernel: ACPI: LAPIC_NMI (acpi_id[0x05] high edge lint[0x1])
Feb 11 14:10:17 server0 kernel: ACPI: LAPIC_NMI (acpi_id[0x06] high edge lint[0x1])
Feb 11 14:10:17 server0 kernel: ACPI: LAPIC_NMI (acpi_id[0x07] high edge lint[0x1])
Feb 11 14:10:17 server0 kernel: ACPI: LAPIC_NMI (acpi_id[0x08] high edge lint[0x1])
Feb 11 14:10:17 server0 kernel: ACPI: LAPIC_NMI (acpi_id[0x09] high edge lint[0x1])
Feb 11 14:10:17 server0 kernel: ACPI: LAPIC_NMI (acpi_id[0x0a] high edge lint[0x1])
Feb 11 14:10:17 server0 kernel: ACPI: LAPIC_NMI (acpi_id[0x0b] high edge lint[0x1])
Feb 11 14:10:17 server0 kernel: ACPI: LAPIC_NMI (acpi_id[0x0c] high edge lint[0x1])
Feb 11 14:10:17 server0 kernel: ACPI: LAPIC_NMI (acpi_id[0x0d] high edge lint[0x1])
Feb 11 14:10:17 server0 kernel: ACPI: LAPIC_NMI (acpi_id[0x0e] high edge lint[0x1])
Feb 11 14:10:17 server0 kernel: ACPI: LAPIC_NMI (acpi_id[0x0f] high edge lint[0x1])
Feb 11 14:10:17 server0 kernel: ACPI: LAPIC_NMI (acpi_id[0x10] high edge lint[0x1])
Feb 11 14:10:17 server0 kernel: ACPI: LAPIC_NMI (acpi_id[0x11] high edge lint[0x1])
Feb 11 14:10:17 server0 kernel: ACPI: LAPIC_NMI (acpi_id[0x12] high edge lint[0x1])
Feb 11 14:10:17 server0 kernel: ACPI: LAPIC_NMI (acpi_id[0x13] high edge lint[0x1])
Feb 11 14:10:17 server0 kernel: ACPI: LAPIC_NMI (acpi_id[0x14] high edge lint[0x1])
Feb 11 14:10:17 server0 kernel: ACPI: LAPIC_NMI (acpi_id[0x15] high edge lint[0x1])
Feb 11 14:10:17 server0 kernel: ACPI: LAPIC_NMI (acpi_id[0x16] high edge lint[0x1])
Feb 11 14:10:17 server0 kernel: ACPI: LAPIC_NMI (acpi_id[0x17] high edge lint[0x1])
Feb 11 14:10:17 server0 kernel: ACPI: LAPIC_NMI (acpi_id[0x18] high edge lint[0x1])
Feb 11 14:10:17 server0 kernel: ACPI: LAPIC_NMI (acpi_id[0x19] high edge lint[0x1])
Feb 11 14:10:17 server0 kernel: ACPI: LAPIC_NMI (acpi_id[0x1a] high edge lint[0x1])
Feb 11 14:10:17 server0 kernel: ACPI: LAPIC_NMI (acpi_id[0x1b] high edge lint[0x1])
Feb 11 14:10:17 server0 kernel: ACPI: LAPIC_NMI (acpi_id[0x1c] high edge lint[0x1])
Feb 11 14:10:17 server0 kernel: ACPI: LAPIC_NMI (acpi_id[0x1d] high edge lint[0x1])
Feb 11 14:10:17 server0 kernel: ACPI: LAPIC_NMI (acpi_id[0x1e] high edge lint[0x1])
Feb 11 14:10:17 server0 kernel: ACPI: LAPIC_NMI (acpi_id[0x1f] high edge lint[0x1])
Feb 11 14:10:17 server0 kernel: ACPI: LAPIC_NMI (acpi_id[0x20] high edge lint[0x1])
Feb 11 14:10:17 server0 kernel: ACPI: LAPIC_NMI (acpi_id[0x21] high edge lint[0x1])
Feb 11 14:10:17 server0 kernel: ACPI: LAPIC_NMI (acpi_id[0x22] high edge lint[0x1])
Feb 11 14:10:17 server0 kernel: ACPI: LAPIC_NMI (acpi_id[0x23] high edge lint[0x1])
Feb 11 14:10:17 server0 kernel: ACPI: LAPIC_NMI (acpi_id[0x24] high edge lint[0x1])
Feb 11 14:10:17 server0 kernel: ACPI: LAPIC_NMI (acpi_id[0x25] high edge lint[0x1])
Feb 11 14:10:17 server0 kernel: ACPI: LAPIC_NMI (acpi_id[0x26] high edge lint[0x1])
Feb 11 14:10:17 server0 kernel: ACPI: LAPIC_NMI (acpi_id[0x27] high edge lint[0x1])
Feb 11 14:10:17 server0 kernel: ACPI: LAPIC_NMI (acpi_id[0x28] high edge lint[0x1])
Feb 11 14:10:17 server0 kernel: ACPI: LAPIC_NMI (acpi_id[0x29] high edge lint[0x1])
Feb 11 14:10:17 server0 kernel: ACPI: LAPIC_NMI (acpi_id[0x2a] high edge lint[0x1])
Feb 11 14:10:17 server0 kernel: ACPI: LAPIC_NMI (acpi_id[0x2b] high edge lint[0x1])
Feb 11 14:10:17 server0 kernel: ACPI: LAPIC_NMI (acpi_id[0x2c] high edge lint[0x1])
Feb 11 14:10:17 server0 kernel: ACPI: LAPIC_NMI (acpi_id[0x2d] high edge lint[0x1])
Feb 11 14:10:17 server0 kernel: ACPI: LAPIC_NMI (acpi_id[0x2e] high edge lint[0x1])
Feb 11 14:10:17 server0 kernel: ACPI: LAPIC_NMI (acpi_id[0x2f] high edge lint[0x1])
Feb 11 14:10:17 server0 kernel: ACPI: LAPIC_NMI (acpi_id[0x30] high edge lint[0x1])
Feb 11 14:10:17 server0 kernel: ACPI: LAPIC_NMI (acpi_id[0x31] high edge lint[0x1])
Feb 11 14:10:17 server0 kernel: ACPI: LAPIC_NMI (acpi_id[0x32] high edge lint[0x1])
Feb 11 14:10:17 server0 kernel: ACPI: LAPIC_NMI (acpi_id[0x33] high edge lint[0x1])
Feb 11 14:10:17 server0 kernel: ACPI: LAPIC_NMI (acpi_id[0x34] high edge lint[0x1])
Feb 11 14:10:17 server0 kernel: ACPI: LAPIC_NMI (acpi_id[0x35] high edge lint[0x1])
Feb 11 14:10:17 server0 kernel: ACPI: LAPIC_NMI (acpi_id[0x36] high edge lint[0x1])
Feb 11 14:10:17 server0 kernel: ACPI: LAPIC_NMI (acpi_id[0x37] high edge lint[0x1])
Feb 11 14:10:17 server0 kernel: ACPI: LAPIC_NMI (acpi_id[0x38] high edge lint[0x1])
Feb 11 14:10:17 server0 kernel: ACPI: LAPIC_NMI (acpi_id[0x39] high edge lint[0x1])
Feb 11 14:10:17 server0 kernel: ACPI: LAPIC_NMI (acpi_id[0x3a] high edge lint[0x1])
Feb 11 14:10:17 server0 kernel: ACPI: LAPIC_NMI (acpi_id[0x3b] high edge lint[0x1])
Feb 11 14:10:17 server0 kernel: ACPI: LAPIC_NMI (acpi_id[0x3c] high edge lint[0x1])
Feb 11 14:10:17 server0 kernel: ACPI: LAPIC_NMI (acpi_id[0x3d] high edge lint[0x1])
Feb 11 14:10:17 server0 kernel: ACPI: LAPIC_NMI (acpi_id[0x3e] high edge lint[0x1])
Feb 11 14:10:17 server0 kernel: ACPI: LAPIC_NMI (acpi_id[0x3f] high edge lint[0x1])
Feb 11 14:10:17 server0 kernel: ACPI: LAPIC_NMI (acpi_id[0x40] high edge lint[0x1])
Feb 11 14:10:17 server0 kernel: ACPI: LAPIC_NMI (acpi_id[0x41] high edge lint[0x1])
Feb 11 14:10:17 server0 kernel: ACPI: LAPIC_NMI (acpi_id[0x42] high edge lint[0x1])
Feb 11 14:10:17 server0 kernel: ACPI: LAPIC_NMI (acpi_id[0x43] high edge lint[0x1])
Feb 11 14:10:17 server0 kernel: ACPI: LAPIC_NMI (acpi_id[0x44] high edge lint[0x1])
Feb 11 14:10:17 server0 kernel: ACPI: LAPIC_NMI (acpi_id[0x45] high edge lint[0x1])
Feb 11 14:10:17 server0 kernel: ACPI: LAPIC_NMI (acpi_id[0x46] high edge lint[0x1])
Feb 11 14:10:17 server0 kernel: ACPI: LAPIC_NMI (acpi_id[0x47] high edge lint[0x1])
Feb 11 14:10:17 server0 kernel: ACPI: LAPIC_NMI (acpi_id[0x48] high edge lint[0x1])
Feb 11 14:10:17 server0 kernel: ACPI: LAPIC_NMI (acpi_id[0x49] high edge lint[0x1])
Feb 11 14:10:17 server0 kernel: ACPI: LAPIC_NMI (acpi_id[0x4a] high edge lint[0x1])
Feb 11 14:10:17 server0 kernel: ACPI: LAPIC_NMI (acpi_id[0x4b] high edge lint[0x1])
Feb 11 14:10:17 server0 kernel: ACPI: LAPIC_NMI (acpi_id[0x4c] high edge lint[0x1])
Feb 11 14:10:17 server0 kernel: ACPI: LAPIC_NMI (acpi_id[0x4d] high edge lint[0x1])
Feb 11 14:10:17 server0 kernel: ACPI: LAPIC_NMI (acpi_id[0x4e] high edge lint[0x1])
Feb 11 14:10:17 server0 kernel: ACPI: LAPIC_NMI (acpi_id[0x4f] high edge lint[0x1])
Feb 11 14:10:17 server0 kernel: ACPI: LAPIC_NMI (acpi_id[0x50] high edge lint[0x1])
Feb 11 14:10:17 server0 kernel: ACPI: LAPIC_NMI (acpi_id[0x51] high edge lint[0x1])
Feb 11 14:10:17 server0 kernel: ACPI: LAPIC_NMI (acpi_id[0x52] high edge lint[0x1])
Feb 11 14:10:17 server0 kernel: ACPI: LAPIC_NMI (acpi_id[0x53] high edge lint[0x1])
Feb 11 14:10:17 server0 kernel: ACPI: LAPIC_NMI (acpi_id[0x54] high edge lint[0x1])
Feb 11 14:10:17 server0 kernel: ACPI: LAPIC_NMI (acpi_id[0x55] high edge lint[0x1])
Feb 11 14:10:17 server0 kernel: ACPI: LAPIC_NMI (acpi_id[0x56] high edge lint[0x1])
Feb 11 14:10:17 server0 kernel: ACPI: LAPIC_NMI (acpi_id[0x57] high edge lint[0x1])
Feb 11 14:10:17 server0 kernel: ACPI: LAPIC_NMI (acpi_id[0x58] high edge lint[0x1])
Feb 11 14:10:17 server0 kernel: ACPI: LAPIC_NMI (acpi_id[0x59] high edge lint[0x1])
Feb 11 14:10:17 server0 kernel: ACPI: LAPIC_NMI (acpi_id[0x5a] high edge lint[0x1])
Feb 11 14:10:17 server0 kernel: ACPI: LAPIC_NMI (acpi_id[0x5b] high edge lint[0x1])
Feb 11 14:10:17 server0 kernel: ACPI: LAPIC_NMI (acpi_id[0x5c] high edge lint[0x1])
Feb 11 14:10:17 server0 kernel: ACPI: LAPIC_NMI (acpi_id[0x5d] high edge lint[0x1])
Feb 11 14:10:17 server0 kernel: ACPI: LAPIC_NMI (acpi_id[0x5e] high edge lint[0x1])
Feb 11 14:10:17 server0 kernel: ACPI: LAPIC_NMI (acpi_id[0x5f] high edge lint[0x1])
Feb 11 14:10:17 server0 kernel: ACPI: LAPIC_NMI (acpi_id[0x60] high edge lint[0x1])
Feb 11 14:10:17 server0 kernel: ACPI: LAPIC_NMI (acpi_id[0x61] high edge lint[0x1])
Feb 11 14:10:17 server0 kernel: ACPI: LAPIC_NMI (acpi_id[0x62] high edge lint[0x1])
Feb 11 14:10:17 server0 kernel: ACPI: LAPIC_NMI (acpi_id[0x63] high edge lint[0x1])
Feb 11 14:10:17 server0 kernel: ACPI: LAPIC_NMI (acpi_id[0x64] high edge lint[0x1])
Feb 11 14:10:17 server0 kernel: ACPI: LAPIC_NMI (acpi_id[0x65] high edge lint[0x1])
Feb 11 14:10:17 server0 kernel: ACPI: LAPIC_NMI (acpi_id[0x66] high edge lint[0x1])
Feb 11 14:10:17 server0 kernel: ACPI: LAPIC_NMI (acpi_id[0x67] high edge lint[0x1])
Feb 11 14:10:17 server0 kernel: ACPI: LAPIC_NMI (acpi_id[0x68] high edge lint[0x1])
Feb 11 14:10:17 server0 kernel: ACPI: LAPIC_NMI (acpi_id[0x69] high edge lint[0x1])
Feb 11 14:10:17 server0 kernel: ACPI: LAPIC_NMI (acpi_id[0x6a] high edge lint[0x1])
Feb 11 14:10:17 server0 kernel: ACPI: LAPIC_NMI (acpi_id[0x6b] high edge lint[0x1])
Feb 11 14:10:17 server0 kernel: ACPI: LAPIC_NMI (acpi_id[0x6c] high edge lint[0x1])
Feb 11 14:10:17 server0 kernel: ACPI: LAPIC_NMI (acpi_id[0x6d] high edge lint[0x1])
Feb 11 14:10:17 server0 kernel: ACPI: LAPIC_NMI (acpi_id[0x6e] high edge lint[0x1])
Feb 11 14:10:17 server0 kernel: ACPI: LAPIC_NMI (acpi_id[0x6f] high edge lint[0x1])
Feb 11 14:10:17 server0 kernel: ACPI: LAPIC_NMI (acpi_id[0x70] high edge lint[0x1])
Feb 11 14:10:17 server0 kernel: ACPI: LAPIC_NMI (acpi_id[0x71] high edge lint[0x1])
Feb 11 14:10:17 server0 kernel: ACPI: LAPIC_NMI (acpi_id[0x72] high edge lint[0x1])
Feb 11 14:10:17 server0 kernel: ACPI: LAPIC_NMI (acpi_id[0x73] high edge lint[0x1])
Feb 11 14:10:17 server0 kernel: ACPI: LAPIC_NMI (acpi_id[0x74] high edge lint[0x1])
Feb 11 14:10:17 server0 kernel: ACPI: LAPIC_NMI (acpi_id[0x75] high edge lint[0x1])
Feb 11 14:10:17 server0 kernel: ACPI: LAPIC_NMI (acpi_id[0x76] high edge lint[0x1])
Feb 11 14:10:17 server0 kernel: ACPI: LAPIC_NMI (acpi_id[0x77] high edge lint[0x1])
Feb 11 14:10:17 server0 kernel: ACPI: LAPIC_NMI (acpi_id[0x78] high edge lint[0x1])
Feb 11 14:10:17 server0 kernel: ACPI: LAPIC_NMI (acpi_id[0x79] high edge lint[0x1])
Feb 11 14:10:17 server0 kernel: ACPI: LAPIC_NMI (acpi_id[0x7a] high edge lint[0x1])
Feb 11 14:10:17 server0 kernel: ACPI: LAPIC_NMI (acpi_id[0x7b] high edge lint[0x1])
Feb 11 14:10:17 server0 kernel: ACPI: LAPIC_NMI (acpi_id[0x7c] high edge lint[0x1])
Feb 11 14:10:17 server0 kernel: ACPI: LAPIC_NMI (acpi_id[0x7d] high edge lint[0x1])
Feb 11 14:10:17 server0 kernel: ACPI: LAPIC_NMI (acpi_id[0x7e] high edge lint[0x1])
Feb 11 14:10:17 server0 kernel: ACPI: LAPIC_NMI (acpi_id[0x7f] high edge lint[0x1])
Feb 11 14:10:17 server0 kernel: ACPI: IOAPIC (id[0x01] address[0xfec00000] gsi_base[0])
Feb 11 14:10:17 server0 kernel: IOAPIC[0]: apic_id 1, version 32, address 0xfec00000, GSI 0-23
Feb 11 14:10:17 server0 kernel: ACPI: INT_SRC_OVR (bus 0 bus_irq 0 global_irq 2 high edge)
Feb 11 14:10:17 server0 kernel: Using ACPI (MADT) for SMP configuration information
Feb 11 14:10:17 server0 kernel: ACPI: HPET id: 0x8086af01 base: 0xfed00000
Feb 11 14:10:17 server0 kernel: smpboot: Allowing 128 CPUs, 127 hotplug CPUs
Feb 11 14:10:17 server0 kernel: PM: Registered nosave memory: [mem 0x0009e000-0x0009efff]
Feb 11 14:10:17 server0 kernel: PM: Registered nosave memory: [mem 0x0009f000-0x0009ffff]
Feb 11 14:10:17 server0 kernel: PM: Registered nosave memory: [mem 0x000a0000-0x000dbfff]
Feb 11 14:10:17 server0 kernel: PM: Registered nosave memory: [mem 0x000dc000-0x000fffff]
Feb 11 14:10:17 server0 kernel: PM: Registered nosave memory: [mem 0x3fee0000-0x3fefefff]
Feb 11 14:10:17 server0 kernel: PM: Registered nosave memory: [mem 0x3feff000-0x3fefffff]
Feb 11 14:10:17 server0 kernel: e820: [mem 0x40000000-0xefffffff] available for PCI devices
Feb 11 14:10:17 server0 kernel: Booting paravirtualized kernel on VMware hypervisor
Feb 11 14:10:17 server0 kernel: setup_percpu: NR_CPUS:5120 nr_cpumask_bits:128 nr_cpu_ids:128 nr_node_ids:1
Feb 11 14:10:17 server0 kernel: PERCPU: Embedded 38 pages/cpu @ffff8ce37c600000 s118784 r8192 d28672 u262144
Feb 11 14:10:17 server0 kernel: Built 1 zonelists in Node order, mobility grouping on.  Total pages: 257896
Feb 11 14:10:17 server0 kernel: Policy zone: DMA32
Feb 11 14:10:17 server0 kernel: Kernel command line: BOOT_IMAGE=/vmlinuz-3.10.0-957.1.3.el7.x86_64 root=/dev/mapper/centos-root ro crashkernel=auto rd.lvm.lv=centos/root rd.lvm.lv=centos/swap rhgb quiet LANG=en_US.UTF-8
Feb 11 14:10:17 server0 kernel: PID hash table entries: 4096 (order: 3, 32768 bytes)
Feb 11 14:10:17 server0 kernel: x86/fpu: xstate_offset[2]: 0240, xstate_sizes[2]: 0100
Feb 11 14:10:17 server0 kernel: x86/fpu: xstate_offset[3]: 03c0, xstate_sizes[3]: 0040
Feb 11 14:10:17 server0 kernel: x86/fpu: xstate_offset[4]: 0400, xstate_sizes[4]: 0040
Feb 11 14:10:17 server0 kernel: xsave: enabled xstate_bv 0x1f, cntxt size 0x440 using standard form
Feb 11 14:10:17 server0 kernel: Memory: 962084k/1048576k available (7664k kernel code, 524k absent, 85968k reserved, 6055k data, 1876k init)
Feb 11 14:10:17 server0 kernel: SLUB: HWalign=64, Order=0-3, MinObjects=0, CPUs=128, Nodes=1
Feb 11 14:10:17 server0 kernel: x86/pti: Unmapping kernel while in userspace
Feb 11 14:10:17 server0 kernel: Hierarchical RCU implementation.
Feb 11 14:10:17 server0 kernel: #011RCU restricting CPUs from NR_CPUS=5120 to nr_cpu_ids=128.
Feb 11 14:10:17 server0 kernel: NR_IRQS:327936 nr_irqs:1448 0
Feb 11 14:10:17 server0 kernel: Console: colour VGA+ 80x25
Feb 11 14:10:17 server0 kernel: console [tty0] enabled
Feb 11 14:10:17 server0 kernel: allocated 4194304 bytes of page_cgroup
Feb 11 14:10:17 server0 kernel: please try 'cgroup_disable=memory' option if you don't want memory cgroups
Feb 11 14:10:17 server0 kernel: tsc: Detected 2808.001 MHz processor
Feb 11 14:10:17 server0 kernel: Calibrating delay loop (skipped) preset value.. 5616.00 BogoMIPS (lpj=2808001)
Feb 11 14:10:17 server0 kernel: pid_max: default: 131072 minimum: 1024
Feb 11 14:10:17 server0 kernel: Security Framework initialized
Feb 11 14:10:17 server0 kernel: SELinux:  Initializing.
Feb 11 14:10:17 server0 kernel: Yama: becoming mindful.
Feb 11 14:10:17 server0 kernel: Dentry cache hash table entries: 131072 (order: 8, 1048576 bytes)
Feb 11 14:10:17 server0 kernel: Inode-cache hash table entries: 65536 (order: 7, 524288 bytes)
Feb 11 14:10:17 server0 kernel: Mount-cache hash table entries: 2048 (order: 2, 16384 bytes)
Feb 11 14:10:17 server0 kernel: Mountpoint-cache hash table entries: 2048 (order: 2, 16384 bytes)
Feb 11 14:10:17 server0 kernel: Initializing cgroup subsys memory
Feb 11 14:10:17 server0 kernel: Initializing cgroup subsys devices
Feb 11 14:10:17 server0 kernel: Initializing cgroup subsys freezer
Feb 11 14:10:17 server0 kernel: Initializing cgroup subsys net_cls
Feb 11 14:10:17 server0 kernel: Initializing cgroup subsys blkio
Feb 11 14:10:17 server0 kernel: Initializing cgroup subsys perf_event
Feb 11 14:10:17 server0 kernel: Initializing cgroup subsys hugetlb
Feb 11 14:10:17 server0 kernel: Initializing cgroup subsys pids
Feb 11 14:10:17 server0 kernel: Initializing cgroup subsys net_prio
Feb 11 14:10:17 server0 kernel: Disabled fast string operations
Feb 11 14:10:17 server0 kernel: mce: CPU supports 8 MCE banks
Feb 11 14:10:17 server0 kernel: Last level iTLB entries: 4KB 0, 2MB 0, 4MB 0
Feb 11 14:10:17 server0 kernel: Last level dTLB entries: 4KB 64, 2MB 0, 4MB 0
Feb 11 14:10:17 server0 kernel: tlb_flushall_shift: 6
Feb 11 14:10:17 server0 kernel: Speculative Store Bypass: Vulnerable
Feb 11 14:10:17 server0 kernel: FEATURE SPEC_CTRL Not Present
Feb 11 14:10:17 server0 kernel: FEATURE IBPB_SUPPORT Not Present
Feb 11 14:10:17 server0 kernel: Spectre V2 : Vulnerable: Retpoline without IBPB
Feb 11 14:10:17 server0 kernel: ACPI: Core revision 20130517
Feb 11 14:10:17 server0 kernel: ACPI: All ACPI Tables successfully acquired
Feb 11 14:10:17 server0 kernel: ftrace: allocating 29188 entries in 115 pages
Feb 11 14:10:17 server0 kernel: Enabling x2apic
Feb 11 14:10:17 server0 kernel: Enabled x2apic
Feb 11 14:10:17 server0 kernel: Switched APIC routing to physical x2apic.
Feb 11 14:10:17 server0 kernel: ..TIMER: vector=0x30 apic1=0 pin1=2 apic2=-1 pin2=-1
Feb 11 14:10:17 server0 kernel: smpboot: CPU0: Intel(R) Core(TM) i7-7700HQ CPU @ 2.80GHz (fam: 06, model: 9e, stepping: 09)
Feb 11 14:10:17 server0 kernel: Performance Events: Skylake events, core PMU driver.
Feb 11 14:10:17 server0 kernel: core: CPUID marked event: 'cpu cycles' unavailable
Feb 11 14:10:17 server0 kernel: core: CPUID marked event: 'instructions' unavailable
Feb 11 14:10:17 server0 kernel: core: CPUID marked event: 'bus cycles' unavailable
Feb 11 14:10:17 server0 kernel: core: CPUID marked event: 'cache references' unavailable
Feb 11 14:10:17 server0 kernel: core: CPUID marked event: 'cache misses' unavailable
Feb 11 14:10:17 server0 kernel: core: CPUID marked event: 'branch instructions' unavailable
Feb 11 14:10:17 server0 kernel: core: CPUID marked event: 'branch misses' unavailable
Feb 11 14:10:17 server0 kernel: ... version:                1
Feb 11 14:10:17 server0 kernel: ... bit width:              48
Feb 11 14:10:17 server0 kernel: ... generic registers:      4
Feb 11 14:10:17 server0 kernel: ... value mask:             0000ffffffffffff
Feb 11 14:10:17 server0 kernel: ... max period:             000000007fffffff
Feb 11 14:10:17 server0 kernel: ... fixed-purpose events:   0
Feb 11 14:10:17 server0 kernel: ... event mask:             000000000000000f
Feb 11 14:10:17 server0 kernel: NMI watchdog: disabled (cpu0): hardware events not enabled
Feb 11 14:10:17 server0 kernel: NMI watchdog: Shutting down hard lockup detector on all cpus
Feb 11 14:10:17 server0 kernel: Brought up 1 CPUs
Feb 11 14:10:17 server0 kernel: smpboot: Max logical packages: 128
Feb 11 14:10:17 server0 kernel: smpboot: Total of 1 processors activated (5616.00 BogoMIPS)
Feb 11 14:10:17 server0 kernel: devtmpfs: initialized
Feb 11 14:10:17 server0 kernel: EVM: security.selinux
Feb 11 14:10:17 server0 kernel: EVM: security.ima
Feb 11 14:10:17 server0 kernel: EVM: security.capability
Feb 11 14:10:17 server0 kernel: PM: Registering ACPI NVS region [mem 0x3feff000-0x3fefffff] (4096 bytes)
Feb 11 14:10:17 server0 kernel: atomic64 test passed for x86-64 platform with CX8 and with SSE
Feb 11 14:10:17 server0 kernel: pinctrl core: initialized pinctrl subsystem
Feb 11 14:10:17 server0 kernel: RTC time: 20:10:16, date: 02/11/19
Feb 11 14:10:17 server0 kernel: NET: Registered protocol family 16
Feb 11 14:10:17 server0 kernel: ACPI: bus type PCI registered
Feb 11 14:10:17 server0 kernel: acpiphp: ACPI Hot Plug PCI Controller Driver version: 0.5
Feb 11 14:10:17 server0 kernel: PCI: MMCONFIG for domain 0000 [bus 00-7f] at [mem 0xf0000000-0xf7ffffff] (base 0xf0000000)
Feb 11 14:10:17 server0 kernel: PCI: MMCONFIG at [mem 0xf0000000-0xf7ffffff] reserved in E820
Feb 11 14:10:17 server0 kernel: PCI: Using configuration type 1 for base access
Feb 11 14:10:17 server0 kernel: ACPI: Added _OSI(Module Device)
Feb 11 14:10:17 server0 kernel: ACPI: Added _OSI(Processor Device)
Feb 11 14:10:17 server0 kernel: ACPI: Added _OSI(3.0 _SCP Extensions)
Feb 11 14:10:17 server0 kernel: ACPI: Added _OSI(Processor Aggregator Device)
Feb 11 14:10:17 server0 kernel: ACPI: Added _OSI(Linux-Dell-Video)
Feb 11 14:10:17 server0 kernel: ACPI: [Firmware Bug]: BIOS _OSI(Linux) query ignored
Feb 11 14:10:17 server0 kernel: ACPI: Interpreter enabled
Feb 11 14:10:17 server0 kernel: ACPI: (supports S0 S1 S4 S5)
Feb 11 14:10:17 server0 kernel: ACPI: Using IOAPIC for interrupt routing
Feb 11 14:10:17 server0 kernel: PCI: Using host bridge windows from ACPI; if necessary, use "pci=nocrs" and report a bug
Feb 11 14:10:17 server0 kernel: ACPI: Enabled 4 GPEs in block 00 to 0F
Feb 11 14:10:17 server0 kernel: ACPI: PCI Root Bridge [PCI0] (domain 0000 [bus 00-7f])
Feb 11 14:10:17 server0 kernel: acpi PNP0A03:00: _OSC: OS supports [ExtendedConfig ASPM ClockPM Segments MSI]
Feb 11 14:10:17 server0 kernel: acpi PNP0A03:00: _OSC: platform does not support [AER]
Feb 11 14:10:17 server0 kernel: acpi PNP0A03:00: _OSC: OS now controls [PCIeHotplug SHPCHotplug PME PCIeCapability]
Feb 11 14:10:17 server0 kernel: PCI host bridge to bus 0000:00
Feb 11 14:10:17 server0 kernel: pci_bus 0000:00: root bus resource [mem 0x000a0000-0x000bffff window]
Feb 11 14:10:17 server0 kernel: pci_bus 0000:00: root bus resource [mem 0x000cc000-0x000cffff window]
Feb 11 14:10:17 server0 kernel: pci_bus 0000:00: root bus resource [mem 0x000d0000-0x000d3fff window]
Feb 11 14:10:17 server0 kernel: pci_bus 0000:00: root bus resource [mem 0x000d4000-0x000d7fff window]
Feb 11 14:10:17 server0 kernel: pci_bus 0000:00: root bus resource [mem 0x000d8000-0x000dbfff window]
Feb 11 14:10:17 server0 kernel: pci_bus 0000:00: root bus resource [mem 0xc0000000-0xfebfffff window]
Feb 11 14:10:17 server0 kernel: pci_bus 0000:00: root bus resource [io  0x0000-0x0cf7 window]
Feb 11 14:10:17 server0 kernel: pci_bus 0000:00: root bus resource [io  0x0d00-0xfeff window]
Feb 11 14:10:17 server0 kernel: pci_bus 0000:00: root bus resource [bus 00-7f]
Feb 11 14:10:17 server0 kernel: pci 0000:00:07.1: legacy IDE quirk: reg 0x10: [io  0x01f0-0x01f7]
Feb 11 14:10:17 server0 kernel: pci 0000:00:07.1: legacy IDE quirk: reg 0x14: [io  0x03f6]
Feb 11 14:10:17 server0 kernel: pci 0000:00:07.1: legacy IDE quirk: reg 0x18: [io  0x0170-0x0177]
Feb 11 14:10:17 server0 kernel: pci 0000:00:07.1: legacy IDE quirk: reg 0x1c: [io  0x0376]
Feb 11 14:10:17 server0 kernel: pci 0000:00:07.3: quirk: [io  0x1000-0x103f] claimed by PIIX4 ACPI
Feb 11 14:10:17 server0 kernel: pci 0000:00:07.3: quirk: [io  0x1040-0x104f] claimed by PIIX4 SMB
Feb 11 14:10:17 server0 kernel: pci 0000:00:11.0: System wakeup disabled by ACPI
Feb 11 14:10:17 server0 kernel: pci 0000:00:15.0: System wakeup disabled by ACPI
Feb 11 14:10:17 server0 kernel: pci 0000:00:15.1: System wakeup disabled by ACPI
Feb 11 14:10:17 server0 kernel: pci 0000:00:15.2: System wakeup disabled by ACPI
Feb 11 14:10:17 server0 kernel: pci 0000:00:15.3: System wakeup disabled by ACPI
Feb 11 14:10:17 server0 kernel: pci 0000:00:15.4: System wakeup disabled by ACPI
Feb 11 14:10:17 server0 kernel: pci 0000:00:15.5: System wakeup disabled by ACPI
Feb 11 14:10:17 server0 kernel: pci 0000:00:15.6: System wakeup disabled by ACPI
Feb 11 14:10:17 server0 kernel: pci 0000:00:15.7: System wakeup disabled by ACPI
Feb 11 14:10:17 server0 kernel: pci 0000:00:16.0: System wakeup disabled by ACPI
Feb 11 14:10:17 server0 kernel: pci 0000:00:16.1: System wakeup disabled by ACPI
Feb 11 14:10:17 server0 kernel: pci 0000:00:16.2: System wakeup disabled by ACPI
Feb 11 14:10:17 server0 kernel: pci 0000:00:16.3: System wakeup disabled by ACPI
Feb 11 14:10:17 server0 kernel: pci 0000:00:16.4: System wakeup disabled by ACPI
Feb 11 14:10:17 server0 kernel: pci 0000:00:16.5: System wakeup disabled by ACPI
Feb 11 14:10:17 server0 kernel: pci 0000:00:16.6: System wakeup disabled by ACPI
Feb 11 14:10:17 server0 kernel: pci 0000:00:16.7: System wakeup disabled by ACPI
Feb 11 14:10:17 server0 kernel: pci 0000:00:17.0: System wakeup disabled by ACPI
Feb 11 14:10:17 server0 kernel: pci 0000:00:17.1: System wakeup disabled by ACPI
Feb 11 14:10:17 server0 kernel: pci 0000:00:17.2: System wakeup disabled by ACPI
Feb 11 14:10:17 server0 kernel: pci 0000:00:17.3: System wakeup disabled by ACPI
Feb 11 14:10:17 server0 kernel: pci 0000:00:17.4: System wakeup disabled by ACPI
Feb 11 14:10:17 server0 kernel: pci 0000:00:17.5: System wakeup disabled by ACPI
Feb 11 14:10:17 server0 kernel: pci 0000:00:17.6: System wakeup disabled by ACPI
Feb 11 14:10:17 server0 kernel: pci 0000:00:17.7: System wakeup disabled by ACPI
Feb 11 14:10:17 server0 kernel: pci 0000:00:18.0: System wakeup disabled by ACPI
Feb 11 14:10:17 server0 kernel: pci 0000:00:18.1: System wakeup disabled by ACPI
Feb 11 14:10:17 server0 kernel: pci 0000:00:18.2: System wakeup disabled by ACPI
Feb 11 14:10:17 server0 kernel: pci 0000:00:18.3: System wakeup disabled by ACPI
Feb 11 14:10:17 server0 kernel: pci 0000:00:18.4: System wakeup disabled by ACPI
Feb 11 14:10:17 server0 kernel: pci 0000:00:18.5: System wakeup disabled by ACPI
Feb 11 14:10:17 server0 kernel: pci 0000:00:18.6: System wakeup disabled by ACPI
Feb 11 14:10:17 server0 kernel: pci 0000:00:18.7: System wakeup disabled by ACPI
Feb 11 14:10:17 server0 kernel: pci 0000:00:01.0: PCI bridge to [bus 01]
Feb 11 14:10:17 server0 kernel: acpiphp: Slot [32] registered
Feb 11 14:10:17 server0 kernel: acpiphp: Slot [33] registered
Feb 11 14:10:17 server0 kernel: acpiphp: Slot [34] registered
Feb 11 14:10:17 server0 kernel: acpiphp: Slot [35] registered
Feb 11 14:10:17 server0 kernel: acpiphp: Slot [36] registered
Feb 11 14:10:17 server0 kernel: acpiphp: Slot [37] registered
Feb 11 14:10:17 server0 kernel: acpiphp: Slot [38] registered
Feb 11 14:10:17 server0 kernel: acpiphp: Slot [39] registered
Feb 11 14:10:17 server0 kernel: acpiphp: Slot [40] registered
Feb 11 14:10:17 server0 kernel: acpiphp: Slot [41] registered
Feb 11 14:10:17 server0 kernel: acpiphp: Slot [42] registered
Feb 11 14:10:17 server0 kernel: acpiphp: Slot [43] registered
Feb 11 14:10:17 server0 kernel: acpiphp: Slot [44] registered
Feb 11 14:10:17 server0 kernel: acpiphp: Slot [45] registered
Feb 11 14:10:17 server0 kernel: acpiphp: Slot [46] registered
Feb 11 14:10:17 server0 kernel: acpiphp: Slot [47] registered
Feb 11 14:10:17 server0 kernel: acpiphp: Slot [48] registered
Feb 11 14:10:17 server0 kernel: acpiphp: Slot [49] registered
Feb 11 14:10:17 server0 kernel: acpiphp: Slot [50] registered
Feb 11 14:10:17 server0 kernel: acpiphp: Slot [51] registered
Feb 11 14:10:17 server0 kernel: acpiphp: Slot [52] registered
Feb 11 14:10:17 server0 kernel: acpiphp: Slot [53] registered
Feb 11 14:10:17 server0 kernel: acpiphp: Slot [54] registered
Feb 11 14:10:17 server0 kernel: acpiphp: Slot [55] registered
Feb 11 14:10:17 server0 kernel: acpiphp: Slot [56] registered
Feb 11 14:10:17 server0 kernel: acpiphp: Slot [57] registered
Feb 11 14:10:17 server0 kernel: acpiphp: Slot [58] registered
Feb 11 14:10:17 server0 kernel: acpiphp: Slot [59] registered
Feb 11 14:10:17 server0 kernel: acpiphp: Slot [60] registered
Feb 11 14:10:17 server0 kernel: acpiphp: Slot [61] registered
Feb 11 14:10:17 server0 kernel: acpiphp: Slot [62] registered
Feb 11 14:10:17 server0 kernel: acpiphp: Slot [63] registered
Feb 11 14:10:17 server0 kernel: pci 0000:02:00.0: System wakeup disabled by ACPI
Feb 11 14:10:17 server0 kernel: pci 0000:02:01.0: System wakeup disabled by ACPI
Feb 11 14:10:17 server0 kernel: pci 0000:02:02.0: System wakeup disabled by ACPI
Feb 11 14:10:17 server0 kernel: pci 0000:02:03.0: System wakeup disabled by ACPI
Feb 11 14:10:17 server0 kernel: pci 0000:00:11.0: PCI bridge to [bus 02] (subtractive decode)
Feb 11 14:10:17 server0 kernel: pci 0000:00:15.0: PCI bridge to [bus 03]
Feb 11 14:10:17 server0 kernel: pci 0000:00:15.1: PCI bridge to [bus 04]
Feb 11 14:10:17 server0 kernel: pci 0000:00:15.2: PCI bridge to [bus 05]
Feb 11 14:10:17 server0 kernel: pci 0000:00:15.3: PCI bridge to [bus 06]
Feb 11 14:10:17 server0 kernel: pci 0000:00:15.4: PCI bridge to [bus 07]
Feb 11 14:10:17 server0 kernel: pci 0000:00:15.5: PCI bridge to [bus 08]
Feb 11 14:10:17 server0 kernel: pci 0000:00:15.6: PCI bridge to [bus 09]
Feb 11 14:10:17 server0 kernel: pci 0000:00:15.7: PCI bridge to [bus 0a]
Feb 11 14:10:17 server0 kernel: pci 0000:00:16.0: PCI bridge to [bus 0b]
Feb 11 14:10:17 server0 kernel: pci 0000:00:16.1: PCI bridge to [bus 0c]
Feb 11 14:10:17 server0 kernel: pci 0000:00:16.2: PCI bridge to [bus 0d]
Feb 11 14:10:17 server0 kernel: pci 0000:00:16.3: PCI bridge to [bus 0e]
Feb 11 14:10:17 server0 kernel: pci 0000:00:16.4: PCI bridge to [bus 0f]
Feb 11 14:10:17 server0 kernel: pci 0000:00:16.5: PCI bridge to [bus 10]
Feb 11 14:10:17 server0 kernel: pci 0000:00:16.6: PCI bridge to [bus 11]
Feb 11 14:10:17 server0 kernel: pci 0000:00:16.7: PCI bridge to [bus 12]
Feb 11 14:10:17 server0 kernel: pci 0000:00:17.0: PCI bridge to [bus 13]
Feb 11 14:10:17 server0 kernel: pci 0000:00:17.1: PCI bridge to [bus 14]
Feb 11 14:10:17 server0 kernel: pci 0000:00:17.2: PCI bridge to [bus 15]
Feb 11 14:10:17 server0 kernel: pci 0000:00:17.3: PCI bridge to [bus 16]
Feb 11 14:10:17 server0 kernel: pci 0000:00:17.4: PCI bridge to [bus 17]
Feb 11 14:10:17 server0 kernel: pci 0000:00:17.5: PCI bridge to [bus 18]
Feb 11 14:10:17 server0 kernel: pci 0000:00:17.6: PCI bridge to [bus 19]
Feb 11 14:10:17 server0 kernel: pci 0000:00:17.7: PCI bridge to [bus 1a]
Feb 11 14:10:17 server0 kernel: pci 0000:00:18.0: PCI bridge to [bus 1b]
Feb 11 14:10:17 server0 kernel: pci 0000:00:18.1: PCI bridge to [bus 1c]
Feb 11 14:10:17 server0 kernel: pci 0000:00:18.2: PCI bridge to [bus 1d]
Feb 11 14:10:17 server0 kernel: pci 0000:00:18.3: PCI bridge to [bus 1e]
Feb 11 14:10:17 server0 kernel: pci 0000:00:18.4: PCI bridge to [bus 1f]
Feb 11 14:10:17 server0 kernel: pci 0000:00:18.5: PCI bridge to [bus 20]
Feb 11 14:10:17 server0 kernel: pci 0000:00:18.6: PCI bridge to [bus 21]
Feb 11 14:10:17 server0 kernel: pci 0000:00:18.7: PCI bridge to [bus 22]
Feb 11 14:10:17 server0 kernel: ACPI: PCI Interrupt Link [LNKA] (IRQs 3 4 5 6 7 *9 10 11 14 15)
Feb 11 14:10:17 server0 kernel: ACPI: PCI Interrupt Link [LNKB] (IRQs 3 4 5 6 7 9 10 *11 14 15)
Feb 11 14:10:17 server0 kernel: ACPI: PCI Interrupt Link [LNKC] (IRQs 3 4 5 6 7 9 *10 11 14 15)
Feb 11 14:10:17 server0 kernel: ACPI: PCI Interrupt Link [LNKD] (IRQs 3 4 5 6 *7 9 10 11 14 15)
Feb 11 14:10:17 server0 kernel: vgaarb: device added: PCI:0000:00:0f.0,decodes=io+mem,owns=io+mem,locks=none
Feb 11 14:10:17 server0 kernel: vgaarb: loaded
Feb 11 14:10:17 server0 kernel: vgaarb: bridge control possible 0000:00:0f.0
Feb 11 14:10:17 server0 kernel: SCSI subsystem initialized
Feb 11 14:10:17 server0 kernel: ACPI: bus type USB registered
Feb 11 14:10:17 server0 kernel: usbcore: registered new interface driver usbfs
Feb 11 14:10:17 server0 kernel: usbcore: registered new interface driver hub
Feb 11 14:10:17 server0 kernel: usbcore: registered new device driver usb
Feb 11 14:10:17 server0 kernel: EDAC MC: Ver: 3.0.0
Feb 11 14:10:17 server0 kernel: PCI: Using ACPI for IRQ routing
Feb 11 14:10:17 server0 kernel: NetLabel: Initializing
Feb 11 14:10:17 server0 kernel: NetLabel:  domain hash size = 128
Feb 11 14:10:17 server0 kernel: NetLabel:  protocols = UNLABELED CIPSOv4
Feb 11 14:10:17 server0 kernel: NetLabel:  unlabeled traffic allowed by default
Feb 11 14:10:17 server0 kernel: hpet0: at MMIO 0xfed00000, IRQs 2, 8, 0, 0, 0, 0, 0, 0, 0, 0, 0, 0, 0, 0, 0, 0
Feb 11 14:10:17 server0 kernel: hpet0: 16 comparators, 64-bit 14.318180 MHz counter
Feb 11 14:10:17 server0 kernel: amd_nb: Cannot enumerate AMD northbridges
Feb 11 14:10:17 server0 kernel: Switched to clocksource hpet
Feb 11 14:10:17 server0 kernel: pnp: PnP ACPI init
Feb 11 14:10:17 server0 kernel: ACPI: bus type PNP registered
Feb 11 14:10:17 server0 kernel: system 00:00: [io  0x1000-0x103f] could not be reserved
Feb 11 14:10:17 server0 kernel: system 00:00: [io  0x1040-0x104f] has been reserved
Feb 11 14:10:17 server0 kernel: system 00:00: [io  0x0cf0-0x0cf1] has been reserved
Feb 11 14:10:17 server0 kernel: system 00:04: [mem 0xfed00000-0xfed003ff] has been reserved
Feb 11 14:10:17 server0 kernel: system 00:06: [io  0xfce0-0xfcff] has been reserved
Feb 11 14:10:17 server0 kernel: system 00:06: [mem 0xf0000000-0xf7ffffff] has been reserved
Feb 11 14:10:17 server0 kernel: system 00:06: [mem 0xfe800000-0xfe9fffff] has been reserved
Feb 11 14:10:17 server0 kernel: pnp: PnP ACPI: found 7 devices
Feb 11 14:10:17 server0 kernel: ACPI: bus type PNP unregistered
Feb 11 14:10:17 server0 kernel: pci 0000:00:0f.0: BAR 6: assigned [mem 0xc0000000-0xc0007fff pref]
Feb 11 14:10:17 server0 kernel: pci 0000:00:10.0: BAR 6: assigned [mem 0xc0008000-0xc000bfff pref]
Feb 11 14:10:17 server0 kernel: pci 0000:00:15.3: BAR 13: no space for [io  size 0x1000]
Feb 11 14:10:17 server0 kernel: pci 0000:00:15.3: BAR 13: failed to assign [io  size 0x1000]
Feb 11 14:10:17 server0 kernel: pci 0000:00:15.4: BAR 13: no space for [io  size 0x1000]
Feb 11 14:10:17 server0 kernel: pci 0000:00:15.4: BAR 13: failed to assign [io  size 0x1000]
Feb 11 14:10:17 server0 kernel: pci 0000:00:15.5: BAR 13: no space for [io  size 0x1000]
Feb 11 14:10:17 server0 kernel: pci 0000:00:15.5: BAR 13: failed to assign [io  size 0x1000]
Feb 11 14:10:17 server0 kernel: pci 0000:00:15.6: BAR 13: no space for [io  size 0x1000]
Feb 11 14:10:17 server0 kernel: pci 0000:00:15.6: BAR 13: failed to assign [io  size 0x1000]
Feb 11 14:10:17 server0 kernel: pci 0000:00:15.7: BAR 13: no space for [io  size 0x1000]
Feb 11 14:10:17 server0 kernel: pci 0000:00:15.7: BAR 13: failed to assign [io  size 0x1000]
Feb 11 14:10:17 server0 kernel: pci 0000:00:16.3: BAR 13: no space for [io  size 0x1000]
Feb 11 14:10:17 server0 kernel: pci 0000:00:16.3: BAR 13: failed to assign [io  size 0x1000]
Feb 11 14:10:17 server0 kernel: pci 0000:00:16.4: BAR 13: no space for [io  size 0x1000]
Feb 11 14:10:17 server0 kernel: pci 0000:00:16.4: BAR 13: failed to assign [io  size 0x1000]
Feb 11 14:10:17 server0 kernel: pci 0000:00:16.5: BAR 13: no space for [io  size 0x1000]
Feb 11 14:10:17 server0 kernel: pci 0000:00:16.5: BAR 13: failed to assign [io  size 0x1000]
Feb 11 14:10:17 server0 kernel: pci 0000:00:16.6: BAR 13: no space for [io  size 0x1000]
Feb 11 14:10:17 server0 kernel: pci 0000:00:16.6: BAR 13: failed to assign [io  size 0x1000]
Feb 11 14:10:17 server0 kernel: pci 0000:00:16.7: BAR 13: no space for [io  size 0x1000]
Feb 11 14:10:17 server0 kernel: pci 0000:00:16.7: BAR 13: failed to assign [io  size 0x1000]
Feb 11 14:10:17 server0 kernel: pci 0000:00:17.3: BAR 13: no space for [io  size 0x1000]
Feb 11 14:10:17 server0 kernel: pci 0000:00:17.3: BAR 13: failed to assign [io  size 0x1000]
Feb 11 14:10:17 server0 kernel: pci 0000:00:17.4: BAR 13: no space for [io  size 0x1000]
Feb 11 14:10:17 server0 kernel: pci 0000:00:17.4: BAR 13: failed to assign [io  size 0x1000]
Feb 11 14:10:17 server0 kernel: pci 0000:00:17.5: BAR 13: no space for [io  size 0x1000]
Feb 11 14:10:17 server0 kernel: pci 0000:00:17.5: BAR 13: failed to assign [io  size 0x1000]
Feb 11 14:10:17 server0 kernel: pci 0000:00:17.6: BAR 13: no space for [io  size 0x1000]
Feb 11 14:10:17 server0 kernel: pci 0000:00:17.6: BAR 13: failed to assign [io  size 0x1000]
Feb 11 14:10:17 server0 kernel: pci 0000:00:17.7: BAR 13: no space for [io  size 0x1000]
Feb 11 14:10:17 server0 kernel: pci 0000:00:17.7: BAR 13: failed to assign [io  size 0x1000]
Feb 11 14:10:17 server0 kernel: pci 0000:00:18.2: BAR 13: no space for [io  size 0x1000]
Feb 11 14:10:17 server0 kernel: pci 0000:00:18.2: BAR 13: failed to assign [io  size 0x1000]
Feb 11 14:10:17 server0 kernel: pci 0000:00:18.3: BAR 13: no space for [io  size 0x1000]
Feb 11 14:10:17 server0 kernel: pci 0000:00:18.3: BAR 13: failed to assign [io  size 0x1000]
Feb 11 14:10:17 server0 kernel: pci 0000:00:18.4: BAR 13: no space for [io  size 0x1000]
Feb 11 14:10:17 server0 kernel: pci 0000:00:18.4: BAR 13: failed to assign [io  size 0x1000]
Feb 11 14:10:17 server0 kernel: pci 0000:00:18.5: BAR 13: no space for [io  size 0x1000]
Feb 11 14:10:17 server0 kernel: pci 0000:00:18.5: BAR 13: failed to assign [io  size 0x1000]
Feb 11 14:10:17 server0 kernel: pci 0000:00:18.6: BAR 13: no space for [io  size 0x1000]
Feb 11 14:10:17 server0 kernel: pci 0000:00:18.6: BAR 13: failed to assign [io  size 0x1000]
Feb 11 14:10:17 server0 kernel: pci 0000:00:18.7: BAR 13: no space for [io  size 0x1000]
Feb 11 14:10:17 server0 kernel: pci 0000:00:18.7: BAR 13: failed to assign [io  size 0x1000]
Feb 11 14:10:17 server0 kernel: pci 0000:00:18.7: BAR 13: no space for [io  size 0x1000]
Feb 11 14:10:17 server0 kernel: pci 0000:00:18.7: BAR 13: failed to assign [io  size 0x1000]
Feb 11 14:10:17 server0 kernel: pci 0000:00:18.6: BAR 13: no space for [io  size 0x1000]
Feb 11 14:10:17 server0 kernel: pci 0000:00:18.6: BAR 13: failed to assign [io  size 0x1000]
Feb 11 14:10:17 server0 kernel: pci 0000:00:18.5: BAR 13: no space for [io  size 0x1000]
Feb 11 14:10:17 server0 kernel: pci 0000:00:18.5: BAR 13: failed to assign [io  size 0x1000]
Feb 11 14:10:17 server0 kernel: pci 0000:00:18.4: BAR 13: no space for [io  size 0x1000]
Feb 11 14:10:17 server0 kernel: pci 0000:00:18.4: BAR 13: failed to assign [io  size 0x1000]
Feb 11 14:10:17 server0 kernel: pci 0000:00:18.3: BAR 13: no space for [io  size 0x1000]
Feb 11 14:10:17 server0 kernel: pci 0000:00:18.3: BAR 13: failed to assign [io  size 0x1000]
Feb 11 14:10:17 server0 kernel: pci 0000:00:18.2: BAR 13: no space for [io  size 0x1000]
Feb 11 14:10:17 server0 kernel: pci 0000:00:18.2: BAR 13: failed to assign [io  size 0x1000]
Feb 11 14:10:17 server0 kernel: pci 0000:00:17.7: BAR 13: no space for [io  size 0x1000]
Feb 11 14:10:17 server0 kernel: pci 0000:00:17.7: BAR 13: failed to assign [io  size 0x1000]
Feb 11 14:10:17 server0 kernel: pci 0000:00:17.6: BAR 13: no space for [io  size 0x1000]
Feb 11 14:10:17 server0 kernel: pci 0000:00:17.6: BAR 13: failed to assign [io  size 0x1000]
Feb 11 14:10:17 server0 kernel: pci 0000:00:17.5: BAR 13: no space for [io  size 0x1000]
Feb 11 14:10:17 server0 kernel: pci 0000:00:17.5: BAR 13: failed to assign [io  size 0x1000]
Feb 11 14:10:17 server0 kernel: pci 0000:00:17.4: BAR 13: no space for [io  size 0x1000]
Feb 11 14:10:17 server0 kernel: pci 0000:00:17.4: BAR 13: failed to assign [io  size 0x1000]
Feb 11 14:10:17 server0 kernel: pci 0000:00:17.3: BAR 13: no space for [io  size 0x1000]
Feb 11 14:10:17 server0 kernel: pci 0000:00:17.3: BAR 13: failed to assign [io  size 0x1000]
Feb 11 14:10:17 server0 kernel: pci 0000:00:16.7: BAR 13: no space for [io  size 0x1000]
Feb 11 14:10:17 server0 kernel: pci 0000:00:16.7: BAR 13: failed to assign [io  size 0x1000]
Feb 11 14:10:17 server0 kernel: pci 0000:00:16.6: BAR 13: no space for [io  size 0x1000]
Feb 11 14:10:17 server0 kernel: pci 0000:00:16.6: BAR 13: failed to assign [io  size 0x1000]
Feb 11 14:10:17 server0 kernel: pci 0000:00:16.5: BAR 13: no space for [io  size 0x1000]
Feb 11 14:10:17 server0 kernel: pci 0000:00:16.5: BAR 13: failed to assign [io  size 0x1000]
Feb 11 14:10:17 server0 kernel: pci 0000:00:16.4: BAR 13: no space for [io  size 0x1000]
Feb 11 14:10:17 server0 kernel: pci 0000:00:16.4: BAR 13: failed to assign [io  size 0x1000]
Feb 11 14:10:17 server0 kernel: pci 0000:00:16.3: BAR 13: no space for [io  size 0x1000]
Feb 11 14:10:17 server0 kernel: pci 0000:00:16.3: BAR 13: failed to assign [io  size 0x1000]
Feb 11 14:10:17 server0 kernel: pci 0000:00:15.7: BAR 13: no space for [io  size 0x1000]
Feb 11 14:10:17 server0 kernel: pci 0000:00:15.7: BAR 13: failed to assign [io  size 0x1000]
Feb 11 14:10:17 server0 kernel: pci 0000:00:15.6: BAR 13: no space for [io  size 0x1000]
Feb 11 14:10:17 server0 kernel: pci 0000:00:15.6: BAR 13: failed to assign [io  size 0x1000]
Feb 11 14:10:17 server0 kernel: pci 0000:00:15.5: BAR 13: no space for [io  size 0x1000]
Feb 11 14:10:17 server0 kernel: pci 0000:00:15.5: BAR 13: failed to assign [io  size 0x1000]
Feb 11 14:10:17 server0 kernel: pci 0000:00:15.4: BAR 13: no space for [io  size 0x1000]
Feb 11 14:10:17 server0 kernel: pci 0000:00:15.4: BAR 13: failed to assign [io  size 0x1000]
Feb 11 14:10:17 server0 kernel: pci 0000:00:15.3: BAR 13: no space for [io  size 0x1000]
Feb 11 14:10:17 server0 kernel: pci 0000:00:15.3: BAR 13: failed to assign [io  size 0x1000]
Feb 11 14:10:17 server0 kernel: pci 0000:00:01.0: PCI bridge to [bus 01]
Feb 11 14:10:17 server0 kernel: pci 0000:02:01.0: BAR 6: assigned [mem 0xfd500000-0xfd50ffff pref]
Feb 11 14:10:17 server0 kernel: pci 0000:00:11.0: PCI bridge to [bus 02]
Feb 11 14:10:17 server0 kernel: pci 0000:00:11.0:   bridge window [io  0x2000-0x3fff]
Feb 11 14:10:17 server0 kernel: pci 0000:00:11.0:   bridge window [mem 0xfd500000-0xfdffffff]
Feb 11 14:10:17 server0 kernel: pci 0000:00:11.0:   bridge window [mem 0xe7b00000-0xe7ffffff 64bit pref]
Feb 11 14:10:17 server0 kernel: pci 0000:00:15.0: PCI bridge to [bus 03]
Feb 11 14:10:17 server0 kernel: pci 0000:00:15.0:   bridge window [io  0x4000-0x4fff]
Feb 11 14:10:17 server0 kernel: pci 0000:00:15.0:   bridge window [mem 0xfd400000-0xfd4fffff]
Feb 11 14:10:17 server0 kernel: pci 0000:00:15.0:   bridge window [mem 0xe7a00000-0xe7afffff 64bit pref]
Feb 11 14:10:17 server0 kernel: pci 0000:00:15.1: PCI bridge to [bus 04]
Feb 11 14:10:17 server0 kernel: pci 0000:00:15.1:   bridge window [io  0x8000-0x8fff]
Feb 11 14:10:17 server0 kernel: pci 0000:00:15.1:   bridge window [mem 0xfd000000-0xfd0fffff]
Feb 11 14:10:17 server0 kernel: pci 0000:00:15.1:   bridge window [mem 0xe7600000-0xe76fffff 64bit pref]
Feb 11 14:10:17 server0 kernel: pci 0000:00:15.2: PCI bridge to [bus 05]
Feb 11 14:10:17 server0 kernel: pci 0000:00:15.2:   bridge window [io  0xc000-0xcfff]
Feb 11 14:10:17 server0 kernel: pci 0000:00:15.2:   bridge window [mem 0xfcc00000-0xfccfffff]
Feb 11 14:10:17 server0 kernel: pci 0000:00:15.2:   bridge window [mem 0xe7200000-0xe72fffff 64bit pref]
Feb 11 14:10:17 server0 kernel: pci 0000:00:15.3: PCI bridge to [bus 06]
Feb 11 14:10:17 server0 kernel: pci 0000:00:15.3:   bridge window [mem 0xfc800000-0xfc8fffff]
Feb 11 14:10:17 server0 kernel: pci 0000:00:15.3:   bridge window [mem 0xe6e00000-0xe6efffff 64bit pref]
Feb 11 14:10:17 server0 kernel: pci 0000:00:15.4: PCI bridge to [bus 07]
Feb 11 14:10:17 server0 kernel: pci 0000:00:15.4:   bridge window [mem 0xfc400000-0xfc4fffff]
Feb 11 14:10:17 server0 kernel: pci 0000:00:15.4:   bridge window [mem 0xe6a00000-0xe6afffff 64bit pref]
Feb 11 14:10:17 server0 kernel: pci 0000:00:15.5: PCI bridge to [bus 08]
Feb 11 14:10:17 server0 kernel: pci 0000:00:15.5:   bridge window [mem 0xfc000000-0xfc0fffff]
Feb 11 14:10:17 server0 kernel: pci 0000:00:15.5:   bridge window [mem 0xe6600000-0xe66fffff 64bit pref]
Feb 11 14:10:17 server0 kernel: pci 0000:00:15.6: PCI bridge to [bus 09]
Feb 11 14:10:17 server0 kernel: pci 0000:00:15.6:   bridge window [mem 0xfbc00000-0xfbcfffff]
Feb 11 14:10:17 server0 kernel: pci 0000:00:15.6:   bridge window [mem 0xe6200000-0xe62fffff 64bit pref]
Feb 11 14:10:17 server0 kernel: pci 0000:00:15.7: PCI bridge to [bus 0a]
Feb 11 14:10:17 server0 kernel: pci 0000:00:15.7:   bridge window [mem 0xfb800000-0xfb8fffff]
Feb 11 14:10:17 server0 kernel: pci 0000:00:15.7:   bridge window [mem 0xe5e00000-0xe5efffff 64bit pref]
Feb 11 14:10:17 server0 kernel: pci 0000:00:16.0: PCI bridge to [bus 0b]
Feb 11 14:10:17 server0 kernel: pci 0000:00:16.0:   bridge window [io  0x5000-0x5fff]
Feb 11 14:10:17 server0 kernel: pci 0000:00:16.0:   bridge window [mem 0xfd300000-0xfd3fffff]
Feb 11 14:10:17 server0 kernel: pci 0000:00:16.0:   bridge window [mem 0xe7900000-0xe79fffff 64bit pref]
Feb 11 14:10:17 server0 kernel: pci 0000:00:16.1: PCI bridge to [bus 0c]
Feb 11 14:10:17 server0 kernel: pci 0000:00:16.1:   bridge window [io  0x9000-0x9fff]
Feb 11 14:10:17 server0 kernel: pci 0000:00:16.1:   bridge window [mem 0xfcf00000-0xfcffffff]
Feb 11 14:10:17 server0 kernel: pci 0000:00:16.1:   bridge window [mem 0xe7500000-0xe75fffff 64bit pref]
Feb 11 14:10:17 server0 kernel: pci 0000:00:16.2: PCI bridge to [bus 0d]
Feb 11 14:10:17 server0 kernel: pci 0000:00:16.2:   bridge window [io  0xd000-0xdfff]
Feb 11 14:10:17 server0 kernel: pci 0000:00:16.2:   bridge window [mem 0xfcb00000-0xfcbfffff]
Feb 11 14:10:17 server0 kernel: pci 0000:00:16.2:   bridge window [mem 0xe7100000-0xe71fffff 64bit pref]
Feb 11 14:10:17 server0 kernel: pci 0000:00:16.3: PCI bridge to [bus 0e]
Feb 11 14:10:17 server0 kernel: pci 0000:00:16.3:   bridge window [mem 0xfc700000-0xfc7fffff]
Feb 11 14:10:17 server0 kernel: pci 0000:00:16.3:   bridge window [mem 0xe6d00000-0xe6dfffff 64bit pref]
Feb 11 14:10:17 server0 kernel: pci 0000:00:16.4: PCI bridge to [bus 0f]
Feb 11 14:10:17 server0 kernel: pci 0000:00:16.4:   bridge window [mem 0xfc300000-0xfc3fffff]
Feb 11 14:10:17 server0 kernel: pci 0000:00:16.4:   bridge window [mem 0xe6900000-0xe69fffff 64bit pref]
Feb 11 14:10:17 server0 kernel: pci 0000:00:16.5: PCI bridge to [bus 10]
Feb 11 14:10:17 server0 kernel: pci 0000:00:16.5:   bridge window [mem 0xfbf00000-0xfbffffff]
Feb 11 14:10:17 server0 kernel: pci 0000:00:16.5:   bridge window [mem 0xe6500000-0xe65fffff 64bit pref]
Feb 11 14:10:17 server0 kernel: pci 0000:00:16.6: PCI bridge to [bus 11]
Feb 11 14:10:17 server0 kernel: pci 0000:00:16.6:   bridge window [mem 0xfbb00000-0xfbbfffff]
Feb 11 14:10:17 server0 kernel: pci 0000:00:16.6:   bridge window [mem 0xe6100000-0xe61fffff 64bit pref]
Feb 11 14:10:17 server0 kernel: pci 0000:00:16.7: PCI bridge to [bus 12]
Feb 11 14:10:17 server0 kernel: pci 0000:00:16.7:   bridge window [mem 0xfb700000-0xfb7fffff]
Feb 11 14:10:17 server0 kernel: pci 0000:00:16.7:   bridge window [mem 0xe5d00000-0xe5dfffff 64bit pref]
Feb 11 14:10:17 server0 kernel: pci 0000:00:17.0: PCI bridge to [bus 13]
Feb 11 14:10:17 server0 kernel: pci 0000:00:17.0:   bridge window [io  0x6000-0x6fff]
Feb 11 14:10:17 server0 kernel: pci 0000:00:17.0:   bridge window [mem 0xfd200000-0xfd2fffff]
Feb 11 14:10:17 server0 kernel: pci 0000:00:17.0:   bridge window [mem 0xe7800000-0xe78fffff 64bit pref]
Feb 11 14:10:17 server0 kernel: pci 0000:00:17.1: PCI bridge to [bus 14]
Feb 11 14:10:17 server0 kernel: pci 0000:00:17.1:   bridge window [io  0xa000-0xafff]
Feb 11 14:10:17 server0 kernel: pci 0000:00:17.1:   bridge window [mem 0xfce00000-0xfcefffff]
Feb 11 14:10:17 server0 kernel: pci 0000:00:17.1:   bridge window [mem 0xe7400000-0xe74fffff 64bit pref]
Feb 11 14:10:17 server0 kernel: pci 0000:00:17.2: PCI bridge to [bus 15]
Feb 11 14:10:17 server0 kernel: pci 0000:00:17.2:   bridge window [io  0xe000-0xefff]
Feb 11 14:10:17 server0 kernel: pci 0000:00:17.2:   bridge window [mem 0xfca00000-0xfcafffff]
Feb 11 14:10:17 server0 kernel: pci 0000:00:17.2:   bridge window [mem 0xe7000000-0xe70fffff 64bit pref]
Feb 11 14:10:17 server0 kernel: pci 0000:00:17.3: PCI bridge to [bus 16]
Feb 11 14:10:17 server0 kernel: pci 0000:00:17.3:   bridge window [mem 0xfc600000-0xfc6fffff]
Feb 11 14:10:17 server0 kernel: pci 0000:00:17.3:   bridge window [mem 0xe6c00000-0xe6cfffff 64bit pref]
Feb 11 14:10:17 server0 kernel: pci 0000:00:17.4: PCI bridge to [bus 17]
Feb 11 14:10:17 server0 kernel: pci 0000:00:17.4:   bridge window [mem 0xfc200000-0xfc2fffff]
Feb 11 14:10:17 server0 kernel: pci 0000:00:17.4:   bridge window [mem 0xe6800000-0xe68fffff 64bit pref]
Feb 11 14:10:17 server0 kernel: pci 0000:00:17.5: PCI bridge to [bus 18]
Feb 11 14:10:17 server0 kernel: pci 0000:00:17.5:   bridge window [mem 0xfbe00000-0xfbefffff]
Feb 11 14:10:17 server0 kernel: pci 0000:00:17.5:   bridge window [mem 0xe6400000-0xe64fffff 64bit pref]
Feb 11 14:10:17 server0 kernel: pci 0000:00:17.6: PCI bridge to [bus 19]
Feb 11 14:10:17 server0 kernel: pci 0000:00:17.6:   bridge window [mem 0xfba00000-0xfbafffff]
Feb 11 14:10:17 server0 kernel: pci 0000:00:17.6:   bridge window [mem 0xe6000000-0xe60fffff 64bit pref]
Feb 11 14:10:17 server0 kernel: pci 0000:00:17.7: PCI bridge to [bus 1a]
Feb 11 14:10:17 server0 kernel: pci 0000:00:17.7:   bridge window [mem 0xfb600000-0xfb6fffff]
Feb 11 14:10:17 server0 kernel: pci 0000:00:17.7:   bridge window [mem 0xe5c00000-0xe5cfffff 64bit pref]
Feb 11 14:10:17 server0 kernel: pci 0000:00:18.0: PCI bridge to [bus 1b]
Feb 11 14:10:17 server0 kernel: pci 0000:00:18.0:   bridge window [io  0x7000-0x7fff]
Feb 11 14:10:17 server0 kernel: pci 0000:00:18.0:   bridge window [mem 0xfd100000-0xfd1fffff]
Feb 11 14:10:17 server0 kernel: pci 0000:00:18.0:   bridge window [mem 0xe7700000-0xe77fffff 64bit pref]
Feb 11 14:10:17 server0 kernel: pci 0000:00:18.1: PCI bridge to [bus 1c]
Feb 11 14:10:17 server0 kernel: pci 0000:00:18.1:   bridge window [io  0xb000-0xbfff]
Feb 11 14:10:17 server0 kernel: pci 0000:00:18.1:   bridge window [mem 0xfcd00000-0xfcdfffff]
Feb 11 14:10:17 server0 kernel: pci 0000:00:18.1:   bridge window [mem 0xe7300000-0xe73fffff 64bit pref]
Feb 11 14:10:17 server0 kernel: pci 0000:00:18.2: PCI bridge to [bus 1d]
Feb 11 14:10:17 server0 kernel: pci 0000:00:18.2:   bridge window [mem 0xfc900000-0xfc9fffff]
Feb 11 14:10:17 server0 kernel: pci 0000:00:18.2:   bridge window [mem 0xe6f00000-0xe6ffffff 64bit pref]
Feb 11 14:10:17 server0 kernel: pci 0000:00:18.3: PCI bridge to [bus 1e]
Feb 11 14:10:17 server0 kernel: pci 0000:00:18.3:   bridge window [mem 0xfc500000-0xfc5fffff]
Feb 11 14:10:17 server0 kernel: pci 0000:00:18.3:   bridge window [mem 0xe6b00000-0xe6bfffff 64bit pref]
Feb 11 14:10:17 server0 kernel: pci 0000:00:18.4: PCI bridge to [bus 1f]
Feb 11 14:10:17 server0 kernel: pci 0000:00:18.4:   bridge window [mem 0xfc100000-0xfc1fffff]
Feb 11 14:10:17 server0 kernel: pci 0000:00:18.4:   bridge window [mem 0xe6700000-0xe67fffff 64bit pref]
Feb 11 14:10:17 server0 kernel: pci 0000:00:18.5: PCI bridge to [bus 20]
Feb 11 14:10:17 server0 kernel: pci 0000:00:18.5:   bridge window [mem 0xfbd00000-0xfbdfffff]
Feb 11 14:10:17 server0 kernel: pci 0000:00:18.5:   bridge window [mem 0xe6300000-0xe63fffff 64bit pref]
Feb 11 14:10:17 server0 kernel: pci 0000:00:18.6: PCI bridge to [bus 21]
Feb 11 14:10:17 server0 kernel: pci 0000:00:18.6:   bridge window [mem 0xfb900000-0xfb9fffff]
Feb 11 14:10:17 server0 kernel: pci 0000:00:18.6:   bridge window [mem 0xe5f00000-0xe5ffffff 64bit pref]
Feb 11 14:10:17 server0 kernel: pci 0000:00:18.7: PCI bridge to [bus 22]
Feb 11 14:10:17 server0 kernel: pci 0000:00:18.7:   bridge window [mem 0xfb500000-0xfb5fffff]
Feb 11 14:10:17 server0 kernel: pci 0000:00:18.7:   bridge window [mem 0xe5b00000-0xe5bfffff 64bit pref]
Feb 11 14:10:17 server0 kernel: NET: Registered protocol family 2
Feb 11 14:10:17 server0 kernel: TCP established hash table entries: 8192 (order: 4, 65536 bytes)
Feb 11 14:10:17 server0 kernel: TCP bind hash table entries: 8192 (order: 5, 131072 bytes)
Feb 11 14:10:17 server0 kernel: TCP: Hash tables configured (established 8192 bind 8192)
Feb 11 14:10:17 server0 kernel: TCP: reno registered
Feb 11 14:10:17 server0 kernel: UDP hash table entries: 512 (order: 2, 16384 bytes)
Feb 11 14:10:17 server0 kernel: UDP-Lite hash table entries: 512 (order: 2, 16384 bytes)
Feb 11 14:10:17 server0 kernel: NET: Registered protocol family 1
Feb 11 14:10:17 server0 kernel: pci 0000:00:00.0: Limiting direct PCI/PCI transfers
Feb 11 14:10:17 server0 kernel: Unpacking initramfs...
Feb 11 14:10:17 server0 kernel: Freeing initrd memory: 30820k freed
Feb 11 14:10:17 server0 kernel: RAPL PMU: API unit is 2^-32 Joules, 5 fixed counters, 10737418240 ms ovfl timer
Feb 11 14:10:17 server0 kernel: RAPL PMU: hw unit of domain pp0-core 2^-0 Joules
Feb 11 14:10:17 server0 kernel: RAPL PMU: hw unit of domain package 2^-0 Joules
Feb 11 14:10:17 server0 kernel: RAPL PMU: hw unit of domain dram 2^-0 Joules
Feb 11 14:10:17 server0 kernel: RAPL PMU: hw unit of domain pp1-gpu 2^-0 Joules
Feb 11 14:10:17 server0 kernel: RAPL PMU: hw unit of domain psys 2^-0 Joules
Feb 11 14:10:17 server0 kernel: Simple Boot Flag at 0x36 set to 0x80
Feb 11 14:10:17 server0 kernel: Switched to clocksource tsc
Feb 11 14:10:17 server0 kernel: sha1_ssse3: Using AVX2 optimized SHA-1 implementation
Feb 11 14:10:17 server0 kernel: sha256_ssse3: Using AVX2 optimized SHA-256 implementation
Feb 11 14:10:17 server0 kernel: futex hash table entries: 32768 (order: 9, 2097152 bytes)
Feb 11 14:10:17 server0 kernel: Initialise system trusted keyring
Feb 11 14:10:17 server0 kernel: audit: initializing netlink socket (disabled)
Feb 11 14:10:17 server0 kernel: type=2000 audit(1549915815.981:1): initialized
Feb 11 14:10:17 server0 kernel: HugeTLB registered 1 GB page size, pre-allocated 0 pages
Feb 11 14:10:17 server0 kernel: HugeTLB registered 2 MB page size, pre-allocated 0 pages
Feb 11 14:10:17 server0 kernel: zpool: loaded
Feb 11 14:10:17 server0 kernel: zbud: loaded
Feb 11 14:10:17 server0 kernel: VFS: Disk quotas dquot_6.5.2
Feb 11 14:10:17 server0 kernel: Dquot-cache hash table entries: 512 (order 0, 4096 bytes)
Feb 11 14:10:17 server0 kernel: msgmni has been set to 1939
Feb 11 14:10:17 server0 kernel: Key type big_key registered
Feb 11 14:10:17 server0 kernel: NET: Registered protocol family 38
Feb 11 14:10:17 server0 kernel: Key type asymmetric registered
Feb 11 14:10:17 server0 kernel: Asymmetric key parser 'x509' registered
Feb 11 14:10:17 server0 kernel: Block layer SCSI generic (bsg) driver version 0.4 loaded (major 248)
Feb 11 14:10:17 server0 kernel: io scheduler noop registered
Feb 11 14:10:17 server0 kernel: io scheduler deadline registered (default)
Feb 11 14:10:17 server0 kernel: io scheduler cfq registered
Feb 11 14:10:17 server0 kernel: io scheduler mq-deadline registered
Feb 11 14:10:17 server0 kernel: io scheduler kyber registered
Feb 11 14:10:17 server0 kernel: pcieport 0000:00:15.0: Signaling PME through PCIe PME interrupt
Feb 11 14:10:17 server0 kernel: pcieport 0000:00:15.1: Signaling PME through PCIe PME interrupt
Feb 11 14:10:17 server0 kernel: pcieport 0000:00:15.2: Signaling PME through PCIe PME interrupt
Feb 11 14:10:17 server0 kernel: pcieport 0000:00:15.3: Signaling PME through PCIe PME interrupt
Feb 11 14:10:17 server0 kernel: pcieport 0000:00:15.4: Signaling PME through PCIe PME interrupt
Feb 11 14:10:17 server0 kernel: pcieport 0000:00:15.5: Signaling PME through PCIe PME interrupt
Feb 11 14:10:17 server0 kernel: pcieport 0000:00:15.6: Signaling PME through PCIe PME interrupt
Feb 11 14:10:17 server0 kernel: pcieport 0000:00:15.7: Signaling PME through PCIe PME interrupt
Feb 11 14:10:17 server0 kernel: pcieport 0000:00:16.0: Signaling PME through PCIe PME interrupt
Feb 11 14:10:17 server0 kernel: pcieport 0000:00:16.1: Signaling PME through PCIe PME interrupt
Feb 11 14:10:17 server0 kernel: pcieport 0000:00:16.2: Signaling PME through PCIe PME interrupt
Feb 11 14:10:17 server0 kernel: pcieport 0000:00:16.3: Signaling PME through PCIe PME interrupt
Feb 11 14:10:17 server0 kernel: pcieport 0000:00:16.4: Signaling PME through PCIe PME interrupt
Feb 11 14:10:17 server0 kernel: pcieport 0000:00:16.5: Signaling PME through PCIe PME interrupt
Feb 11 14:10:17 server0 kernel: pcieport 0000:00:16.6: Signaling PME through PCIe PME interrupt
Feb 11 14:10:17 server0 kernel: pcieport 0000:00:16.7: Signaling PME through PCIe PME interrupt
Feb 11 14:10:17 server0 kernel: pcieport 0000:00:17.0: Signaling PME through PCIe PME interrupt
Feb 11 14:10:17 server0 kernel: pcieport 0000:00:17.1: Signaling PME through PCIe PME interrupt
Feb 11 14:10:17 server0 kernel: pcieport 0000:00:17.2: Signaling PME through PCIe PME interrupt
Feb 11 14:10:17 server0 kernel: pcieport 0000:00:17.3: Signaling PME through PCIe PME interrupt
Feb 11 14:10:17 server0 kernel: pcieport 0000:00:17.4: Signaling PME through PCIe PME interrupt
Feb 11 14:10:17 server0 kernel: pcieport 0000:00:17.5: Signaling PME through PCIe PME interrupt
Feb 11 14:10:17 server0 kernel: pcieport 0000:00:17.6: Signaling PME through PCIe PME interrupt
Feb 11 14:10:17 server0 kernel: pcieport 0000:00:17.7: Signaling PME through PCIe PME interrupt
Feb 11 14:10:17 server0 kernel: pcieport 0000:00:18.0: Signaling PME through PCIe PME interrupt
Feb 11 14:10:17 server0 kernel: pcieport 0000:00:18.1: Signaling PME through PCIe PME interrupt
Feb 11 14:10:17 server0 kernel: pcieport 0000:00:18.2: Signaling PME through PCIe PME interrupt
Feb 11 14:10:17 server0 kernel: pcieport 0000:00:18.3: Signaling PME through PCIe PME interrupt
Feb 11 14:10:17 server0 kernel: pcieport 0000:00:18.4: Signaling PME through PCIe PME interrupt
Feb 11 14:10:17 server0 kernel: pcieport 0000:00:18.5: Signaling PME through PCIe PME interrupt
Feb 11 14:10:17 server0 kernel: pcieport 0000:00:18.6: Signaling PME through PCIe PME interrupt
Feb 11 14:10:17 server0 kernel: pcieport 0000:00:18.7: Signaling PME through PCIe PME interrupt
Feb 11 14:10:17 server0 kernel: pci_hotplug: PCI Hot Plug PCI Core version: 0.5
Feb 11 14:10:17 server0 kernel: pciehp 0000:00:15.0:pcie004: Slot #160 AttnBtn+ PwrCtrl+ MRL- AttnInd- PwrInd- HotPlug+ Surprise- Interlock- NoCompl+ LLActRep+
Feb 11 14:10:17 server0 kernel: pciehp 0000:00:15.1:pcie004: Slot #161 AttnBtn+ PwrCtrl+ MRL- AttnInd- PwrInd- HotPlug+ Surprise- Interlock- NoCompl+ LLActRep+
Feb 11 14:10:17 server0 kernel: pciehp 0000:00:15.2:pcie004: Slot #162 AttnBtn+ PwrCtrl+ MRL- AttnInd- PwrInd- HotPlug+ Surprise- Interlock- NoCompl+ LLActRep+
Feb 11 14:10:17 server0 kernel: pciehp 0000:00:15.3:pcie004: Slot #163 AttnBtn+ PwrCtrl+ MRL- AttnInd- PwrInd- HotPlug+ Surprise- Interlock- NoCompl+ LLActRep+
Feb 11 14:10:17 server0 kernel: pciehp 0000:00:15.4:pcie004: Slot #164 AttnBtn+ PwrCtrl+ MRL- AttnInd- PwrInd- HotPlug+ Surprise- Interlock- NoCompl+ LLActRep+
Feb 11 14:10:17 server0 kernel: pciehp 0000:00:15.5:pcie004: Slot #165 AttnBtn+ PwrCtrl+ MRL- AttnInd- PwrInd- HotPlug+ Surprise- Interlock- NoCompl+ LLActRep+
Feb 11 14:10:17 server0 kernel: pciehp 0000:00:15.6:pcie004: Slot #166 AttnBtn+ PwrCtrl+ MRL- AttnInd- PwrInd- HotPlug+ Surprise- Interlock- NoCompl+ LLActRep+
Feb 11 14:10:17 server0 kernel: pciehp 0000:00:15.7:pcie004: Slot #167 AttnBtn+ PwrCtrl+ MRL- AttnInd- PwrInd- HotPlug+ Surprise- Interlock- NoCompl+ LLActRep+
Feb 11 14:10:17 server0 kernel: pciehp 0000:00:16.0:pcie004: Slot #192 AttnBtn+ PwrCtrl+ MRL- AttnInd- PwrInd- HotPlug+ Surprise- Interlock- NoCompl+ LLActRep+
Feb 11 14:10:17 server0 kernel: pciehp 0000:00:16.1:pcie004: Slot #193 AttnBtn+ PwrCtrl+ MRL- AttnInd- PwrInd- HotPlug+ Surprise- Interlock- NoCompl+ LLActRep+
Feb 11 14:10:17 server0 kernel: pciehp 0000:00:16.2:pcie004: Slot #194 AttnBtn+ PwrCtrl+ MRL- AttnInd- PwrInd- HotPlug+ Surprise- Interlock- NoCompl+ LLActRep+
Feb 11 14:10:17 server0 kernel: pciehp 0000:00:16.3:pcie004: Slot #195 AttnBtn+ PwrCtrl+ MRL- AttnInd- PwrInd- HotPlug+ Surprise- Interlock- NoCompl+ LLActRep+
Feb 11 14:10:17 server0 kernel: pciehp 0000:00:16.4:pcie004: Slot #196 AttnBtn+ PwrCtrl+ MRL- AttnInd- PwrInd- HotPlug+ Surprise- Interlock- NoCompl+ LLActRep+
Feb 11 14:10:17 server0 kernel: pciehp 0000:00:16.5:pcie004: Slot #197 AttnBtn+ PwrCtrl+ MRL- AttnInd- PwrInd- HotPlug+ Surprise- Interlock- NoCompl+ LLActRep+
Feb 11 14:10:17 server0 kernel: pciehp 0000:00:16.6:pcie004: Slot #198 AttnBtn+ PwrCtrl+ MRL- AttnInd- PwrInd- HotPlug+ Surprise- Interlock- NoCompl+ LLActRep+
Feb 11 14:10:17 server0 kernel: pciehp 0000:00:16.7:pcie004: Slot #199 AttnBtn+ PwrCtrl+ MRL- AttnInd- PwrInd- HotPlug+ Surprise- Interlock- NoCompl+ LLActRep+
Feb 11 14:10:17 server0 kernel: pciehp 0000:00:17.0:pcie004: Slot #224 AttnBtn+ PwrCtrl+ MRL- AttnInd- PwrInd- HotPlug+ Surprise- Interlock- NoCompl+ LLActRep+
